Script started on 2025-04-15 20:19:38+00:00 [TERM="xterm" TTY="/dev/pts/1" COLUMNS="116" LINES="48"]
[?2004h]0;root@Ubuntu24: ~root@Ubuntu24:~# [7minxi -S[27minxi -S
[?2004l[1;34mSystem:[0m
  [1;34mHost:[0m Ubuntu24 [1;34mKernel:[0m 6.8.0-57-generic [1;34march:[0m x86_64 [1;34mbits:[0m 64[0m
  [1;34mConsole:[0m pty pts/2 [1;34mDistro:[0m Ubuntu 24.04.2 LTS (Noble Numbat)[0m
[?2004h]0;root@Ubuntu24: ~root@Ubuntu24:~# lsblk
[?2004lNAME                      MAJ:MIN RM  SIZE RO TYPE MOUNTPOINTS
sda                         8:0    0   25G  0 disk 
â”œâ”€sda1                      8:1    0    1M  0 part 
â”œâ”€sda2                      8:2    0    2G  0 part /boot
â””â”€sda3                      8:3    0   23G  0 part 
  â””â”€ubuntu--vg-ubuntu--lv 252:0    0 11.5G  0 lvm  /
sdb                         8:16   0   10G  0 disk 
sdc                         8:32   0    2G  0 disk 
sdd                         8:48   0    1G  0 disk 
sde                         8:64   0    1G  0 disk 
sr0                        11:0    1 1024M  0 rom  
[?2004h]0;root@Ubuntu24: ~root@Ubuntu24:~# pvs
[?2004l  PV         VG        Fmt  Attr PSize   PFree 
  /dev/sda3  ubuntu-vg lvm2 a--  <23.00g 11.50g
[?2004h]0;root@Ubuntu24: ~root@Ubuntu24:~# vgs
[?2004l  VG        #PV #LV #SN Attr   VSize   VFree 
  ubuntu-vg   1   1   0 wz--n- <23.00g 11.50g
[?2004h]0;root@Ubuntu24: ~root@Ubuntu24:~# lvs
[?2004l  LV        VG        Attr       LSize   Pool Origin Data%  Meta%  Move Log Cpy%Sync Convert
  ubuntu-lv ubuntu-vg -wi-ao---- <11.50g                                                    
[?2004h]0;root@Ubuntu24: ~root@Ubuntu24:~# [7mpvcreate /dev/sdb[27mpvcreate /dev/sdb[C
[?2004l  Physical volume "/dev/sdb" successfully created.
[?2004h]0;root@Ubuntu24: ~root@Ubuntu24:~# [7mlvmdiskscan[27mlvmdiskscan
[?2004l  /dev/sda2 [       2.00 GiB] 
  /dev/sda3 [     <23.00 GiB] LVM physical volume
  /dev/sdb  [      10.00 GiB] LVM physical volume
  /dev/sdc  [       2.00 GiB] 
  /dev/sdd  [       1.00 GiB] 
  /dev/sde  [       1.00 GiB] 
  3 disks
  1 partition
  1 LVM physical volume whole disk
  1 LVM physical volume
[?2004h]0;root@Ubuntu24: ~root@Ubuntu24:~# [7mvgcreate volgroup /dev/sdb[27m[C[C[C[C[C[C[C[C[C[C[C[C[C[C[C[C[Cvgcreate volgroup /dev/sdb
[?2004l  Volume group "volgroup" successfully created
[?2004h]0;root@Ubuntu24: ~root@Ubuntu24:~# [7mlvcreate -l+80%FREE -n logvol volgroup[27m[C[C[C[C[C[C[C[C[C[C[C[C[C[C[C[C[Clvcreate -l+80%FREE -n logvol volgroup
[?2004l  Logical volume "logvol" created.
[?2004h]0;root@Ubuntu24: ~root@Ubuntu24:~# [7mvgdisplay volgroup[27mvgdisplay volgroup
[?2004l  --- Volume group ---
  VG Name               volgroup
  System ID             
  Format                lvm2
  Metadata Areas        1
  Metadata Sequence No  2
  VG Access             read/write
  VG Status             resizable
  MAX LV                0
  Cur LV                1
  Open LV               0
  Max PV                0
  Cur PV                1
  Act PV                1
  VG Size               <10.00 GiB
  PE Size               4.00 MiB
  Total PE              2559
  Alloc PE / Size       2047 / <8.00 GiB
  Free  PE / Size       512 / 2.00 GiB
  VG UUID               rusB6X-wM17-PaGu-I3aH-BXsi-c3d4-I8dYHB
   
[?2004h]0;root@Ubuntu24: ~root@Ubuntu24:~# [7mvgdisplay -v volgroup | grep 'PV Name'[27m[C[C[C[C[C[C[C[C[C[C[C[C[C[C[C[C[Cvgdisplay -v volgroup | grep 'PV Name'
[?2004l  [01;31m[KPV Name[m[K               /dev/sdb     
[?2004h]0;root@Ubuntu24: ~root@Ubuntu24:~# [7mlvdisplay /dev/volgroup/logvol [27m[C[C[C[C[C[C[C[C[C[C[C[C[C[C[C[C[Clvdisplay /dev/volgroup/logvol 
[?2004l  --- Logical volume ---
  LV Path                /dev/volgroup/logvol
  LV Name                logvol
  VG Name                volgroup
  LV UUID                fm0Rr2-NlhN-msk6-UtYG-oYvN-HHC6-WvZwn7
  LV Write Access        read/write
  LV Creation host, time Ubuntu24, 2025-04-15 20:21:43 +0000
  LV Status              available
  # open                 0
  LV Size                <8.00 GiB
  Current LE             2047
  Segments               1
  Allocation             inherit
  Read ahead sectors     auto
  - currently set to     256
  Block device           252:1
   
[?2004h]0;root@Ubuntu24: ~root@Ubuntu24:~# [7mmkfs.ext4 /dev/volgroup/logvol[27m[C[C[C[C[C[C[C[C[C[C[C[C[C[C[C[C[Cmkfs.ext4 /dev/volgroup/logvol
[?2004lmke2fs 1.47.0 (5-Feb-2023)
Creating filesystem with 2096128 4k blocks and 524288 inodes
Filesystem UUID: 35fd3ff4-6f2c-4434-8e3b-abcab7409260
Superblock backups stored on blocks: 
	32768, 98304, 163840, 229376, 294912, 819200, 884736, 1605632

Allocating group tables:  0/64     done                            
Writing inode tables:  0/64     done                            
Creating journal (16384 blocks): done
Writing superblocks and filesystem accounting information:  0/64     done

[?2004h]0;root@Ubuntu24: ~root@Ubuntu24:~# [7mmkdir /data[27mmkdir /data
[?2004l[?2004h]0;root@Ubuntu24: ~root@Ubuntu24:~# [7mmount /dev/volgroup/logvol /data/[27m[C[C[C[C[C[C[C[C[C[C[C[C[C[C[C[C[Cmount /dev/volgroup/logvol /data/
[?2004l[?2004h]0;root@Ubuntu24: ~root@Ubuntu24:~# [7mmount | grep /data[27mmount | grep /data
[?2004l/dev/mapper/volgroup-logvol on [01;31m[K/data[m[K type ext4 (rw,relatime)
[?2004h]0;root@Ubuntu24: ~root@Ubuntu24:~# [7mpvcreate /dev/sdc[27mpvcreate /dev/sdc
[?2004l  Physical volume "/dev/sdc" successfully created.
[?2004h]0;root@Ubuntu24: ~root@Ubuntu24:~# [7mvgextend volgroup /dev/sdc[27m[C[C[C[C[C[C[C[C[C[C[C[C[C[C[C[C[Cvgextend volgroup /dev/sdc
[?2004l  Volume group "volgroup" successfully extended
[?2004h]0;root@Ubuntu24: ~root@Ubuntu24:~# [7mvgdisplay -v volgroup | grep 'PV Name'[27m[C[C[C[C[C[C[C[C[C[C[C[C[C[C[C[C[Cvgdisplay -v volgroup | grep 'PV Name'
[?2004l  [01;31m[KPV Name[m[K               /dev/sdb     
  [01;31m[KPV Name[m[K               /dev/sdc     
[?2004h]0;root@Ubuntu24: ~root@Ubuntu24:~# vgs
[?2004l  VG        #PV #LV #SN Attr   VSize   VFree 
  ubuntu-vg   1   1   0 wz--n- <23.00g 11.50g
  volgroup    2   1   0 wz--n-  11.99g <4.00g
[?2004h]0;root@Ubuntu24: ~root@Ubuntu24:~# [7mdd if=/dev/zero of=/data/test.log bs=1M count=10000 status=progress [27m[C[C[C[C[C[C[C[C[C[C[C[C[C[C[C[C[Cdd if=/dev/zero of=/data/test.log bs=1M count=10000 status=progress 
[?2004l456130560 bytes (456 MB, 435 MiB) copied, 1 s, 455 MB/s834666496 bytes (835 MB, 796 MiB) copied, 2 s, 417 MB/s1259339776 bytes (1.3 GB, 1.2 GiB) copied, 3 s, 420 MB/s1633681408 bytes (1.6 GB, 1.5 GiB) copied, 4 s, 408 MB/s2015363072 bytes (2.0 GB, 1.9 GiB) copied, 5 s, 403 MB/s2380267520 bytes (2.4 GB, 2.2 GiB) copied, 6 s, 397 MB/s2851078144 bytes (2.9 GB, 2.7 GiB) copied, 7 s, 407 MB/s3398434816 bytes (3.4 GB, 3.2 GiB) copied, 8 s, 425 MB/s3925868544 bytes (3.9 GB, 3.7 GiB) copied, 9 s, 436 MB/s4483710976 bytes (4.5 GB, 4.2 GiB) copied, 10 s, 448 MB/s5003804672 bytes (5.0 GB, 4.7 GiB) copied, 11 s, 455 MB/s5523898368 bytes (5.5 GB, 5.1 GiB) copied, 12 s, 460 MB/s6033506304 bytes (6.0 GB, 5.6 GiB) copied, 13 s, 464 MB/s6595543040 bytes (6.6 GB, 6.1 GiB) copied, 14 s, 471 MB/s7119831040 bytes (7.1 GB, 6.6 GiB) copied, 15 s, 475 MB/s7620001792 bytes (7.6 GB, 7.1 GiB) copied, 16 s, 476 MB/s8078229504 bytes (8.1 GB, 7.5 GiB) copied, 17 s, 466 MB/s8325693440 bytes (8.3 GB, 7.8 GiB) copied, 18 s, 463 MB/s
dd: error writing '/data/test.log': No space left on device
7944+0 records in
7943+0 records out
8329297920 bytes (8.3 GB, 7.8 GiB) copied, 18.0088 s, 463 MB/s
[?2004h]0;root@Ubuntu24: ~root@Ubuntu24:~# [7mdf -Th /data/[27mdf -Th /data/
[?2004lFilesystem                  Type  Size  Used Avail Use% Mounted on
/dev/mapper/volgroup-logvol ext4  7.8G  7.8G     0 100% /data
[?2004h]0;root@Ubuntu24: ~root@Ubuntu24:~# [7mlvextend -l+80%FREE /dev/volgroup/logvol [27m[C[C[C[C[C[C[C[C[C[C[C[C[C[C[C[C[Clvextend -l+80%FREE /dev/volgroup/logvol 
[?2004l  Size of logical volume volgroup/logvol changed from <8.00 GiB (2047 extents) to <11.20 GiB (2866 extents).
  Logical volume volgroup/logvol successfully resized.
[?2004h]0;root@Ubuntu24: ~root@Ubuntu24:~# [7mlvs[27mlvs
[?2004l  LV        VG        Attr       LSize   Pool Origin Data%  Meta%  Move Log Cpy%Sync Convert
  ubuntu-lv ubuntu-vg -wi-ao---- <11.50g                                                    
  logvol    volgroup  -wi-ao---- <11.20g                                                    
[?2004h]0;root@Ubuntu24: ~root@Ubuntu24:~# [7mdf -Th /data[27mdf -Th /data
[?2004lFilesystem                  Type  Size  Used Avail Use% Mounted on
/dev/mapper/volgroup-logvol ext4  7.8G  7.8G     0 100% /data
[?2004h]0;root@Ubuntu24: ~root@Ubuntu24:~# [7mresize2fs /dev/mapper/volgroup-logvol      [27m[C[C[C[C[C[C[C[C[C[C[C[C[C[C[C[C[Cresize2fs /dev/mapper/volgroup-logvol      
[?2004lresize2fs 1.47.0 (5-Feb-2023)
Filesystem at /dev/mapper/volgroup-logvol is mounted on /data; on-line resizing required
old_desc_blocks = 1, new_desc_blocks = 2
The filesystem on /dev/mapper/volgroup-logvol is now 2934784 (4k) blocks long.

[?2004h]0;root@Ubuntu24: ~root@Ubuntu24:~# [7mdf -Th /data    [27mdf -Th /data    
[?2004lFilesystem                  Type  Size  Used Avail Use% Mounted on
/dev/mapper/volgroup-logvol ext4   11G  7.8G  2.7G  75% /data
[?2004h]0;root@Ubuntu24: ~root@Ubuntu24:~# [7mumount dev/volgroup/logvol /data       [27m[C[C[C[C[C[C[C[C[C[C[C[C[C[C[C[C[Cumount dev/volgroup/logvol /data       
[?2004lumount: dev/volgroup/logvol: no mount point specified.
[?2004h]0;root@Ubuntu24: ~root@Ubuntu24:~# [7mlvremove /dev/volgroup/logvol       [27m[C[C[C[C[C[C[C[C[C[C[C[C[C[C[C[C[Clvremove /dev/volgroup/logvol       
[?2004lDo you really want to remove and DISCARD active logical volume volgroup/logvol? [y/n]: y
  Logical volume "logvol" successfully removed.
[?2004h]0;root@Ubuntu24: ~root@Ubuntu24:~# [7mvgremove /dev/volgroup    [27m[C[C[C[C[C[C[C[C[C[C[C[C[C[C[C[C[Cvgremove /dev/volgroup    
[?2004l  Volume group "volgroup" successfully removed
[?2004h]0;root@Ubuntu24: ~root@Ubuntu24:~# [7mpvremove /dev/sdb /dev/sdc      [27m[C[C[C[C[C[C[C[C[C[C[C[C[C[C[C[C[Cpvremove /dev/sdb /dev/sdc      
[?2004l  Labels on physical volume "/dev/sdb" successfully wiped.
  Labels on physical volume "/dev/sdc" successfully wiped.
[?2004h]0;root@Ubuntu24: ~root@Ubuntu24:~# [7mpvcreate /dev/sdb     [27m[C[C[C[C[C[C[C[C[C[C[C[C[C[C[C[C[Cpvcreate /dev/sdb     
[?2004l  Physical volume "/dev/sdb" successfully created.
[?2004h]0;root@Ubuntu24: ~root@Ubuntu24:~# [7mvgcreate vg_root /dev/sdb       [27m[C[C[C[C[C[C[C[C[C[C[C[C[C[C[C[C[Cvgcreate vg_root /dev/sdb       
[?2004l  Volume group "vg_root" successfully created
[?2004h]0;root@Ubuntu24: ~root@Ubuntu24:~# [7mlvcreate -n lv_root -l +100%FREE /dev/vg_root        [27m[C[C[C[C[C[C[C[C[C[C[C[C[C[C[C[C[Clvcreate -n lv_root -l +100%FREE /dev/vg_root        
[?2004lWARNING: ext4 signature detected on /dev/vg_root/lv_root at offset 1080. Wipe it? [y/n]: y
  Wiping ext4 signature on /dev/vg_root/lv_root.
  Logical volume "lv_root" created.
[?2004h]0;root@Ubuntu24: ~root@Ubuntu24:~# [7mmkfs.ext4 /dev/vg_root/lv_root  [27m[C[C[C[C[C[C[C[C[C[C[C[C[C[C[C[C[Cmkfs.ext4 /dev/vg_root/lv_root  
[?2004lmke2fs 1.47.0 (5-Feb-2023)
Creating filesystem with 2620416 4k blocks and 655360 inodes
Filesystem UUID: fcd21b82-4b2e-49a5-8e79-5e40df6809d2
Superblock backups stored on blocks: 
	32768, 98304, 163840, 229376, 294912, 819200, 884736, 1605632

Allocating group tables:  0/80     done                            
Writing inode tables:  0/80     done                            
Creating journal (16384 blocks): done
Writing superblocks and filesystem accounting information:  0/80     done

[?2004h]0;root@Ubuntu24: ~root@Ubuntu24:~# [7mmount /dev/vg_root/lv_root /mnt  [27m[C[C[C[C[C[C[C[C[C[C[C[C[C[C[C[C[Cmount /dev/vg_root/lv_root /mnt  
[?2004l[?2004h]0;root@Ubuntu24: ~root@Ubuntu24:~# [7mrsync -avxHAX --progress / /mnt/       [27m[C[C[C[C[C[C[C[C[C[C[C[C[C[C[C[C[Crsync -avxHAX --progress / /mnt/       
[?2004lsending incremental file list
./
bin -> usr/bin
lib -> usr/lib
lib64 -> usr/lib64
sbin -> usr/sbin
swap.img
         32,768   0%    0.00kB/s    0:00:00      300,613,632  12%  286.66MB/s    0:00:07      579,698,688  24%  276.54MB/s    0:00:06      844,201,984  34%  268.53MB/s    0:00:05    1,116,831,744  46%  266.47MB/s    0:00:04    1,350,795,264  55%  250.57MB/s    0:00:04    1,569,095,680  65%  236.07MB/s    0:00:03    1,763,475,456  73%  219.34MB/s    0:00:02    2,022,539,264  83%  215.94MB/s    0:00:01    2,236,383,232  92%  211.14MB/s    0:00:00    2,413,821,952 100%  235.54MB/s    0:00:09 (xfr#1, ir-chk=1032/1038)
bin.usr-is-merged/
boot/
cdrom/
data/
dev/
etc/
etc/.pwd.lock
              0 100%    0.00kB/s    0:00:00 (xfr#2, ir-chk=1205/1234)
etc/.resolv.conf.systemd-resolved.bak
            862 100%    1.06kB/s    0:00:00              862 100%    1.06kB/s    0:00:00 (xfr#3, ir-chk=1204/1234)
etc/.updated
            208 100%    0.25kB/s    0:00:00              208 100%    0.25kB/s    0:00:00 (xfr#4, ir-chk=1203/1234)
etc/adduser.conf
          3,444 100%    4.21kB/s    0:00:00            3,444 100%    4.21kB/s    0:00:00 (xfr#5, ir-chk=1202/1234)
etc/bash.bashrc
          2,319 100%    2.84kB/s    0:00:00            2,319 100%    2.84kB/s    0:00:00 (xfr#6, ir-chk=1201/1234)
etc/bash_completion
             45 100%    0.06kB/s    0:00:00               45 100%    0.06kB/s    0:00:00 (xfr#7, ir-chk=1200/1234)
etc/bindresvport.blacklist
            367 100%    0.45kB/s    0:00:00              367 100%    0.45kB/s    0:00:00 (xfr#8, ir-chk=1199/1234)
etc/ca-certificates.conf
          6,288 100%    7.68kB/s    0:00:00            6,288 100%    7.68kB/s    0:00:00 (xfr#9, ir-chk=1198/1234)
etc/crontab
          1,136 100%    1.39kB/s    0:00:00            1,136 100%    1.39kB/s    0:00:00 (xfr#10, ir-chk=1197/1234)
etc/crypttab
             54 100%    0.07kB/s    0:00:00               54 100%    0.07kB/s    0:00:00 (xfr#11, ir-chk=1196/1234)
etc/debconf.conf
          2,967 100%    3.62kB/s    0:00:00            2,967 100%    3.62kB/s    0:00:00 (xfr#12, ir-chk=1195/1234)
etc/debian_version
             11 100%    0.01kB/s    0:00:00               11 100%    0.01kB/s    0:00:00 (xfr#13, ir-chk=1194/1234)
etc/deluser.conf
          1,706 100%    2.08kB/s    0:00:00            1,706 100%    2.08kB/s    0:00:00 (xfr#14, ir-chk=1193/1234)
etc/dhcpcd.conf
          1,429 100%    1.74kB/s    0:00:00            1,429 100%    1.74kB/s    0:00:00 (xfr#15, ir-chk=1192/1234)
etc/e2scrub.conf
            685 100%    0.83kB/s    0:00:00              685 100%    0.83kB/s    0:00:00 (xfr#16, ir-chk=1191/1234)
etc/environment
            106 100%    0.13kB/s    0:00:00              106 100%    0.13kB/s    0:00:00 (xfr#17, ir-chk=1190/1234)
etc/ethertypes
          1,853 100%    2.25kB/s    0:00:00            1,853 100%    2.25kB/s    0:00:00 (xfr#18, ir-chk=1189/1234)
etc/fstab
            657 100%    0.80kB/s    0:00:00              657 100%    0.80kB/s    0:00:00 (xfr#19, ir-chk=1188/1234)
etc/fuse.conf
            694 100%    0.84kB/s    0:00:00              694 100%    0.84kB/s    0:00:00 (xfr#20, ir-chk=1187/1234)
etc/gai.conf
          2,584 100%    3.13kB/s    0:00:00            2,584 100%    3.13kB/s    0:00:00 (xfr#21, ir-chk=1186/1234)
etc/group
            794 100%    0.96kB/s    0:00:00              794 100%    0.96kB/s    0:00:00 (xfr#22, ir-chk=1185/1234)
etc/group-
            756 100%    0.91kB/s    0:00:00              756 100%    0.91kB/s    0:00:00 (xfr#23, ir-chk=1184/1234)
etc/gshadow
            671 100%    0.81kB/s    0:00:00              671 100%    0.81kB/s    0:00:00 (xfr#24, ir-chk=1183/1234)
etc/gshadow-
            637 100%    0.77kB/s    0:00:00              637 100%    0.77kB/s    0:00:00 (xfr#25, ir-chk=1182/1234)
etc/hdparm.conf
          4,436 100%    5.35kB/s    0:00:00            4,436 100%    5.35kB/s    0:00:00 (xfr#26, ir-chk=1181/1234)
etc/host.conf
             92 100%    0.11kB/s    0:00:00               92 100%    0.11kB/s    0:00:00 (xfr#27, ir-chk=1180/1234)
etc/hostname
              9 100%    0.01kB/s    0:00:00                9 100%    0.01kB/s    0:00:00 (xfr#28, ir-chk=1179/1234)
etc/hosts
            219 100%    0.26kB/s    0:00:00              219 100%    0.26kB/s    0:00:00 (xfr#29, ir-chk=1178/1234)
etc/hosts.allow
            411 100%    0.50kB/s    0:00:00              411 100%    0.50kB/s    0:00:00 (xfr#30, ir-chk=1177/1234)
etc/hosts.deny
            711 100%    0.86kB/s    0:00:00              711 100%    0.86kB/s    0:00:00 (xfr#31, ir-chk=1176/1234)
etc/inputrc
          1,875 100%    2.26kB/s    0:00:00            1,875 100%    2.26kB/s    0:00:00 (xfr#32, ir-chk=1175/1234)
etc/inxi.conf
             71 100%    0.09kB/s    0:00:00               71 100%    0.09kB/s    0:00:00 (xfr#33, ir-chk=1174/1234)
etc/issue
             26 100%    0.03kB/s    0:00:00               26 100%    0.03kB/s    0:00:00 (xfr#34, ir-chk=1173/1234)
etc/issue.net
             19 100%    0.02kB/s    0:00:00               19 100%    0.02kB/s    0:00:00 (xfr#35, ir-chk=1172/1234)
etc/ld.so.cache
         28,203 100%   33.88kB/s    0:00:00           28,203 100%   33.88kB/s    0:00:00 (xfr#36, ir-chk=1171/1234)
etc/ld.so.conf
             34 100%    0.04kB/s    0:00:00               34 100%    0.04kB/s    0:00:00 (xfr#37, ir-chk=1170/1234)
etc/legal
            267 100%    0.32kB/s    0:00:00              267 100%    0.32kB/s    0:00:00 (xfr#38, ir-chk=1169/1234)
etc/libaudit.conf
            191 100%    0.23kB/s    0:00:00              191 100%    0.23kB/s    0:00:00 (xfr#39, ir-chk=1168/1234)
etc/locale.alias
          2,996 100%    3.59kB/s    0:00:00            2,996 100%    3.59kB/s    0:00:00 (xfr#40, ir-chk=1167/1234)
etc/locale.conf
             17 100%    0.02kB/s    0:00:00               17 100%    0.02kB/s    0:00:00 (xfr#41, ir-chk=1166/1234)
etc/locale.gen
          9,563 100%   11.44kB/s    0:00:00            9,563 100%   11.44kB/s    0:00:00 (xfr#42, ir-chk=1165/1234)
etc/localtime -> /usr/share/zoneinfo/Etc/UTC
etc/login.defs
         12,345 100%   14.77kB/s    0:00:00           12,345 100%   14.77kB/s    0:00:00 (xfr#43, ir-chk=1163/1234)
etc/logrotate.conf
            586 100%    0.70kB/s    0:00:00              586 100%    0.70kB/s    0:00:00 (xfr#44, ir-chk=1162/1234)
etc/lsb-release
            104 100%    0.12kB/s    0:00:00              104 100%    0.12kB/s    0:00:00 (xfr#45, ir-chk=1161/1234)
etc/machine-id
             33 100%    0.04kB/s    0:00:00               33 100%    0.04kB/s    0:00:00 (xfr#46, ir-chk=1160/1234)
etc/magic
            111 100%    0.13kB/s    0:00:00              111 100%    0.13kB/s    0:00:00 (xfr#47, ir-chk=1159/1234)
etc/magic.mime
            111 100%    0.13kB/s    0:00:00              111 100%    0.13kB/s    0:00:00 (xfr#48, ir-chk=1158/1234)
etc/manpath.config
          5,230 100%    6.22kB/s    0:00:00            5,230 100%    6.22kB/s    0:00:00 (xfr#49, ir-chk=1157/1234)
etc/mime.types
         32,768  43%   38.93kB/s    0:00:01           75,113 100%   89.24kB/s    0:00:00 (xfr#50, ir-chk=1156/1234)
etc/mke2fs.conf
            744 100%    0.88kB/s    0:00:00              744 100%    0.88kB/s    0:00:00 (xfr#51, ir-chk=1155/1234)
etc/modules
            212 100%    0.25kB/s    0:00:00              212 100%    0.25kB/s    0:00:00 (xfr#52, ir-chk=1154/1234)
etc/mtab -> ../proc/self/mounts
etc/multipath.conf
             41 100%    0.05kB/s    0:00:00               41 100%    0.05kB/s    0:00:00 (xfr#53, ir-chk=1152/1234)
etc/nanorc
         11,424 100%   13.54kB/s    0:00:00           11,424 100%   13.54kB/s    0:00:00 (xfr#54, ir-chk=1151/1234)
etc/netconfig
            767 100%    0.91kB/s    0:00:00              767 100%    0.91kB/s    0:00:00 (xfr#55, ir-chk=1150/1234)
etc/networks
             91 100%    0.11kB/s    0:00:00               91 100%    0.11kB/s    0:00:00 (xfr#56, ir-chk=1149/1234)
etc/nftables.conf
            243 100%    0.29kB/s    0:00:00              243 100%    0.29kB/s    0:00:00 (xfr#57, ir-chk=1148/1234)
etc/nsswitch.conf
            526 100%    0.62kB/s    0:00:00              526 100%    0.62kB/s    0:00:00 (xfr#58, ir-chk=1147/1234)
etc/os-release -> ../usr/lib/os-release
etc/overlayroot.conf
          6,920 100%    8.18kB/s    0:00:00            6,920 100%    8.18kB/s    0:00:00 (xfr#59, ir-chk=1145/1234)
etc/pam.conf
            552 100%    0.65kB/s    0:00:00              552 100%    0.65kB/s    0:00:00 (xfr#60, ir-chk=1144/1234)
etc/passwd
          1,777 100%    2.10kB/s    0:00:00            1,777 100%    2.10kB/s    0:00:00 (xfr#61, ir-chk=1143/1234)
etc/passwd-
          1,734 100%    2.05kB/s    0:00:00            1,734 100%    2.05kB/s    0:00:00 (xfr#62, ir-chk=1142/1234)
etc/profile
            582 100%    0.69kB/s    0:00:00              582 100%    0.69kB/s    0:00:00 (xfr#63, ir-chk=1141/1234)
etc/protocols
          3,144 100%    3.70kB/s    0:00:00            3,144 100%    3.70kB/s    0:00:00 (xfr#64, ir-chk=1140/1234)
etc/resolv.conf -> ../run/systemd/resolve/stub-resolv.conf
etc/rmt -> /usr/sbin/rmt
etc/rpc
            911 100%    1.07kB/s    0:00:00              911 100%    1.07kB/s    0:00:00 (xfr#65, ir-chk=1137/1234)
etc/rsyslog.conf
          1,213 100%    1.43kB/s    0:00:00            1,213 100%    1.43kB/s    0:00:00 (xfr#66, ir-chk=1136/1234)
etc/screenrc
          3,663 100%    4.31kB/s    0:00:00            3,663 100%    4.30kB/s    0:00:00 (xfr#67, ir-chk=1135/1234)
etc/sensors3.conf
         10,593 100%   12.45kB/s    0:00:00           10,593 100%   12.45kB/s    0:00:00 (xfr#68, ir-chk=1134/1234)
etc/services
         12,813 100%   14.97kB/s    0:00:00           12,813 100%   14.95kB/s    0:00:00 (xfr#69, ir-chk=1133/1234)
etc/shadow
            966 100%    1.13kB/s    0:00:00              966 100%    1.13kB/s    0:00:00 (xfr#70, ir-chk=1132/1234)
etc/shadow-
            966 100%    1.13kB/s    0:00:00              966 100%    1.13kB/s    0:00:00 (xfr#71, ir-chk=1131/1234)
etc/shells
            148 100%    0.17kB/s    0:00:00              148 100%    0.17kB/s    0:00:00 (xfr#72, ir-chk=1130/1234)
etc/subgid
             18 100%    0.02kB/s    0:00:00               18 100%    0.02kB/s    0:00:00 (xfr#73, ir-chk=1129/1234)
etc/subgid-
              0 100%    0.00kB/s    0:00:00 (xfr#74, ir-chk=1128/1234)
etc/subuid
             18 100%    0.02kB/s    0:00:00               18 100%    0.02kB/s    0:00:00 (xfr#75, ir-chk=1127/1234)
etc/subuid-
              0 100%    0.00kB/s    0:00:00 (xfr#76, ir-chk=1126/1234)
etc/sudo.conf
          4,343 100%    5.06kB/s    0:00:00            4,343 100%    5.06kB/s    0:00:00 (xfr#77, ir-chk=1125/1234)
etc/sudo_logsrvd.conf
          9,804 100%   11.41kB/s    0:00:00            9,804 100%   11.41kB/s    0:00:00 (xfr#78, ir-chk=1124/1234)
etc/sudoers
          1,800 100%    2.10kB/s    0:00:00            1,800 100%    2.10kB/s    0:00:00 (xfr#79, ir-chk=1123/1234)
etc/sysctl.conf
          2,209 100%    2.57kB/s    0:00:00            2,209 100%    2.57kB/s    0:00:00 (xfr#80, ir-chk=1122/1234)
etc/timezone
              8 100%    0.01kB/s    0:00:00                8 100%    0.01kB/s    0:00:00 (xfr#81, ir-chk=1121/1234)
etc/ucf.conf
          1,260 100%    1.46kB/s    0:00:00            1,260 100%    1.46kB/s    0:00:00 (xfr#82, ir-chk=1120/1234)
etc/usb_modeswitch.conf
          1,523 100%    1.77kB/s    0:00:00            1,523 100%    1.77kB/s    0:00:00 (xfr#83, ir-chk=1119/1234)
etc/vconsole.conf -> default/keyboard
etc/vtrgb -> /etc/alternatives/vtrgb
etc/wgetrc
          4,942 100%    5.74kB/s    0:00:00            4,942 100%    5.74kB/s    0:00:00 (xfr#84, ir-chk=1116/1234)
etc/xattr.conf
            681 100%    0.79kB/s    0:00:00              681 100%    0.79kB/s    0:00:00 (xfr#85, ir-chk=1115/1234)
etc/zsh_command_not_found
            460 100%    0.53kB/s    0:00:00              460 100%    0.53kB/s    0:00:00 (xfr#86, ir-chk=1114/1234)
etc/ModemManager/
etc/ModemManager/connection.d/
etc/ModemManager/fcc-unlock.d/
etc/PackageKit/
etc/PackageKit/PackageKit.conf
            706 100%    0.82kB/s    0:00:00              706 100%    0.82kB/s    0:00:00 (xfr#87, ir-chk=1003/1237)
etc/PackageKit/Vendor.conf
          1,718 100%    1.99kB/s    0:00:00            1,718 100%    1.99kB/s    0:00:00 (xfr#88, ir-chk=1002/1237)
etc/UPower/
etc/UPower/UPower.conf
          2,847 100%    3.29kB/s    0:00:00            2,847 100%    3.29kB/s    0:00:00 (xfr#89, ir-chk=1001/1237)
etc/X11/
etc/X11/Xreset
            709 100%    0.82kB/s    0:00:00              709 100%    0.82kB/s    0:00:00 (xfr#90, ir-chk=1014/1251)
etc/X11/Xsession
          4,139 100%    4.78kB/s    0:00:00            4,139 100%    4.77kB/s    0:00:00 (xfr#91, ir-chk=1013/1251)
etc/X11/Xsession.options
            265 100%    0.31kB/s    0:00:00              265 100%    0.31kB/s    0:00:00 (xfr#92, ir-chk=1012/1251)
etc/X11/rgb.txt
         17,394 100%   20.03kB/s    0:00:00           17,394 100%   20.03kB/s    0:00:00 (xfr#93, ir-chk=1011/1251)
etc/X11/Xreset.d/
etc/X11/Xreset.d/README
            205 100%    0.24kB/s    0:00:00              205 100%    0.24kB/s    0:00:00 (xfr#94, ir-chk=1004/1251)
etc/X11/Xresources/
etc/X11/Xresources/x11-common
            319 100%    0.37kB/s    0:00:00              319 100%    0.37kB/s    0:00:00 (xfr#95, ir-chk=1003/1251)
etc/X11/Xsession.d/
etc/X11/Xsession.d/20dbus_xdg-runtime
          1,115 100%    1.28kB/s    0:00:00            1,115 100%    1.28kB/s    0:00:00 (xfr#96, ir-chk=1014/1263)
etc/X11/Xsession.d/20x11-common_process-args
          1,867 100%    2.14kB/s    0:00:00            1,867 100%    2.14kB/s    0:00:00 (xfr#97, ir-chk=1013/1263)
etc/X11/Xsession.d/30x11-common_xresources
            878 100%    1.01kB/s    0:00:00              878 100%    1.01kB/s    0:00:00 (xfr#98, ir-chk=1012/1263)
etc/X11/Xsession.d/35x11-common_xhost-local
            389 100%    0.44kB/s    0:00:00              389 100%    0.44kB/s    0:00:00 (xfr#99, ir-chk=1011/1263)
etc/X11/Xsession.d/40x11-common_xsessionrc
            187 100%    0.21kB/s    0:00:00              187 100%    0.21kB/s    0:00:00 (xfr#100, ir-chk=1010/1263)
etc/X11/Xsession.d/50x11-common_determine-startup
          1,568 100%    1.79kB/s    0:00:00            1,568 100%    1.79kB/s    0:00:00 (xfr#101, ir-chk=1009/1263)
etc/X11/Xsession.d/60x11-common_xdg_path
            991 100%    1.13kB/s    0:00:00              991 100%    1.13kB/s    0:00:00 (xfr#102, ir-chk=1008/1263)
etc/X11/Xsession.d/90gpg-agent
            880 100%    1.01kB/s    0:00:00              880 100%    1.01kB/s    0:00:00 (xfr#103, ir-chk=1007/1263)
etc/X11/Xsession.d/90qt-a11y
            335 100%    0.38kB/s    0:00:00              335 100%    0.38kB/s    0:00:00 (xfr#104, ir-chk=1006/1263)
etc/X11/Xsession.d/90x11-common_ssh-agent
            385 100%    0.44kB/s    0:00:00              385 100%    0.44kB/s    0:00:00 (xfr#105, ir-chk=1005/1263)
etc/X11/Xsession.d/99x11-common_start
            166 100%    0.19kB/s    0:00:00              166 100%    0.19kB/s    0:00:00 (xfr#106, ir-chk=1004/1263)
etc/X11/app-defaults/
etc/X11/app-defaults/Editres
          9,870 100%   11.22kB/s    0:00:00            9,870 100%   11.22kB/s    0:00:00 (xfr#107, ir-chk=1015/1275)
etc/X11/app-defaults/Editres-color
          2,751 100%    3.13kB/s    0:00:00            2,751 100%    3.13kB/s    0:00:00 (xfr#108, ir-chk=1014/1275)
etc/X11/app-defaults/Viewres
          3,184 100%    3.62kB/s    0:00:00            3,184 100%    3.62kB/s    0:00:00 (xfr#109, ir-chk=1013/1275)
etc/X11/app-defaults/Viewres-color
            973 100%    1.10kB/s    0:00:00              973 100%    1.10kB/s    0:00:00 (xfr#110, ir-chk=1012/1275)
etc/X11/app-defaults/XFontSel
          4,928 100%    5.60kB/s    0:00:00            4,928 100%    5.60kB/s    0:00:00 (xfr#111, ir-chk=1011/1275)
etc/X11/app-defaults/Xfd
            754 100%    0.86kB/s    0:00:00              754 100%    0.86kB/s    0:00:00 (xfr#112, ir-chk=1010/1275)
etc/X11/app-defaults/Xmessage
            248 100%    0.28kB/s    0:00:00              248 100%    0.28kB/s    0:00:00 (xfr#113, ir-chk=1009/1275)
etc/X11/app-defaults/Xmessage-color
            920 100%    1.04kB/s    0:00:00              920 100%    1.04kB/s    0:00:00 (xfr#114, ir-chk=1008/1275)
etc/X11/app-defaults/Xvidtune
          6,628 100%    7.51kB/s    0:00:00            6,628 100%    7.51kB/s    0:00:00 (xfr#115, ir-chk=1007/1275)
etc/X11/xkb/
etc/X11/xorg.conf.d/
etc/alternatives/
etc/alternatives/README
            100 100%    0.11kB/s    0:00:00              100 100%    0.11kB/s    0:00:00 (xfr#116, ir-chk=1303/1572)
etc/alternatives/arptables -> /usr/sbin/arptables-nft
etc/alternatives/arptables-restore -> /usr/sbin/arptables-nft-restore
etc/alternatives/arptables-save -> /usr/sbin/arptables-nft-save
etc/alternatives/awk -> /usr/bin/gawk
etc/alternatives/awk.1.gz -> /usr/share/man/man1/gawk.1.gz
etc/alternatives/builtins.7.gz -> /usr/share/man/man7/bash-builtins.7.gz
etc/alternatives/cpp -> /usr/bin/cpp
etc/alternatives/ebtables -> /usr/sbin/ebtables-nft
etc/alternatives/ebtables-restore -> /usr/sbin/ebtables-nft-restore
etc/alternatives/ebtables-save -> /usr/sbin/ebtables-nft-save
etc/alternatives/editor -> /bin/nano
etc/alternatives/editor.1.gz -> /usr/share/man/man1/nano.1.gz
etc/alternatives/ex -> /usr/bin/vim.basic
etc/alternatives/ex.1.gz -> /usr/share/man/man1/vim.1.gz
etc/alternatives/ex.da.1.gz -> /usr/share/man/da/man1/vim.1.gz
etc/alternatives/ex.de.1.gz -> /usr/share/man/de/man1/vim.1.gz
etc/alternatives/ex.fr.1.gz -> /usr/share/man/fr/man1/vim.1.gz
etc/alternatives/ex.it.1.gz -> /usr/share/man/it/man1/vim.1.gz
etc/alternatives/ex.ja.1.gz -> /usr/share/man/ja/man1/vim.1.gz
etc/alternatives/ex.pl.1.gz -> /usr/share/man/pl/man1/vim.1.gz
etc/alternatives/ex.ru.1.gz -> /usr/share/man/ru/man1/vim.1.gz
etc/alternatives/ex.tr.1.gz -> /usr/share/man/tr/man1/vim.1.gz
etc/alternatives/ftp -> /usr/bin/tnftp
etc/alternatives/ftp.1.gz -> /usr/share/man/man1/tnftp.1.gz
etc/alternatives/infobrowser -> /usr/bin/info
etc/alternatives/infobrowser.1.gz -> /usr/share/man/man1/info.1.gz
etc/alternatives/ip6tables -> /usr/sbin/ip6tables-nft
etc/alternatives/ip6tables-restore -> /usr/sbin/ip6tables-nft-restore
etc/alternatives/ip6tables-save -> /usr/sbin/ip6tables-nft-save
etc/alternatives/iptables -> /usr/sbin/iptables-nft
etc/alternatives/iptables-restore -> /usr/sbin/iptables-nft-restore
etc/alternatives/iptables-save -> /usr/sbin/iptables-nft-save
etc/alternatives/jsondiff -> /usr/bin/json-patch-jsondiff
etc/alternatives/lzcat -> /usr/bin/xzcat
etc/alternatives/lzcat.1.gz -> /usr/share/man/man1/xzcat.1.gz
etc/alternatives/lzcmp -> /usr/bin/xzcmp
etc/alternatives/lzcmp.1.gz -> /usr/share/man/man1/xzcmp.1.gz
etc/alternatives/lzdiff -> /usr/bin/xzdiff
etc/alternatives/lzdiff.1.gz -> /usr/share/man/man1/xzdiff.1.gz
etc/alternatives/lzegrep -> /usr/bin/xzegrep
etc/alternatives/lzegrep.1.gz -> /usr/share/man/man1/xzegrep.1.gz
etc/alternatives/lzfgrep -> /usr/bin/xzfgrep
etc/alternatives/lzfgrep.1.gz -> /usr/share/man/man1/xzfgrep.1.gz
etc/alternatives/lzgrep -> /usr/bin/xzgrep
etc/alternatives/lzgrep.1.gz -> /usr/share/man/man1/xzgrep.1.gz
etc/alternatives/lzless -> /usr/bin/xzless
etc/alternatives/lzless.1.gz -> /usr/share/man/man1/xzless.1.gz
etc/alternatives/lzma -> /usr/bin/xz
etc/alternatives/lzma.1.gz -> /usr/share/man/man1/xz.1.gz
etc/alternatives/lzmore -> /usr/bin/xzmore
etc/alternatives/lzmore.1.gz -> /usr/share/man/man1/xzmore.1.gz
etc/alternatives/mt -> /usr/bin/mt-gnu
etc/alternatives/mt.1.gz -> /usr/share/man/man1/mt-gnu.1.gz
etc/alternatives/nawk -> /usr/bin/gawk
etc/alternatives/nawk.1.gz -> /usr/share/man/man1/gawk.1.gz
etc/alternatives/nc -> /bin/nc.openbsd
etc/alternatives/nc.1.gz -> /usr/share/man/man1/nc_openbsd.1.gz
etc/alternatives/netcat -> /bin/nc.openbsd
etc/alternatives/netcat.1.gz -> /usr/share/man/man1/nc_openbsd.1.gz
etc/alternatives/newt-palette -> /etc/newt/palette.ubuntu
etc/alternatives/pager -> /usr/bin/less
etc/alternatives/pager.1.gz -> /usr/share/man/man1/less.1.gz
etc/alternatives/pico -> /bin/nano
etc/alternatives/pico.1.gz -> /usr/share/man/man1/nano.1.gz
etc/alternatives/pinentry -> /usr/bin/pinentry-curses
etc/alternatives/pinentry.1.gz -> /usr/share/man/man1/pinentry-curses.1.gz
etc/alternatives/pybabel -> /usr/bin/pybabel-python3
etc/alternatives/rmt -> /usr/sbin/rmt-tar
etc/alternatives/rmt.8.gz -> /usr/share/man/man8/rmt-tar.8.gz
etc/alternatives/rview -> /usr/bin/vim.basic
etc/alternatives/rvim -> /usr/bin/vim.basic
etc/alternatives/sar -> /usr/bin/sar.sysstat
etc/alternatives/sar.1.gz -> /usr/share/man/man1/sar.sysstat.1.gz
etc/alternatives/telnet -> /usr/bin/inetutils-telnet
etc/alternatives/telnet.1.gz -> /usr/share/man/man1/inetutils-telnet.1.gz
etc/alternatives/text.plymouth -> /usr/share/plymouth/themes/ubuntu-text/ubuntu-text.plymouth
etc/alternatives/unlzma -> /usr/bin/unxz
etc/alternatives/unlzma.1.gz -> /usr/share/man/man1/unxz.1.gz
etc/alternatives/vi -> /usr/bin/vim.basic
etc/alternatives/vi.1.gz -> /usr/share/man/man1/vim.1.gz
etc/alternatives/vi.da.1.gz -> /usr/share/man/da/man1/vim.1.gz
etc/alternatives/vi.de.1.gz -> /usr/share/man/de/man1/vim.1.gz
etc/alternatives/vi.fr.1.gz -> /usr/share/man/fr/man1/vim.1.gz
etc/alternatives/vi.it.1.gz -> /usr/share/man/it/man1/vim.1.gz
etc/alternatives/vi.ja.1.gz -> /usr/share/man/ja/man1/vim.1.gz
etc/alternatives/vi.pl.1.gz -> /usr/share/man/pl/man1/vim.1.gz
etc/alternatives/vi.ru.1.gz -> /usr/share/man/ru/man1/vim.1.gz
etc/alternatives/vi.tr.1.gz -> /usr/share/man/tr/man1/vim.1.gz
etc/alternatives/view -> /usr/bin/vim.basic
etc/alternatives/view.1.gz -> /usr/share/man/man1/vim.1.gz
etc/alternatives/view.da.1.gz -> /usr/share/man/da/man1/vim.1.gz
etc/alternatives/view.de.1.gz -> /usr/share/man/de/man1/vim.1.gz
etc/alternatives/view.fr.1.gz -> /usr/share/man/fr/man1/vim.1.gz
etc/alternatives/view.it.1.gz -> /usr/share/man/it/man1/vim.1.gz
etc/alternatives/view.ja.1.gz -> /usr/share/man/ja/man1/vim.1.gz
etc/alternatives/view.pl.1.gz -> /usr/share/man/pl/man1/vim.1.gz
etc/alternatives/view.ru.1.gz -> /usr/share/man/ru/man1/vim.1.gz
etc/alternatives/view.tr.1.gz -> /usr/share/man/tr/man1/vim.1.gz
etc/alternatives/vim -> /usr/bin/vim.basic
etc/alternatives/vimdiff -> /usr/bin/vim.basic
etc/alternatives/vtrgb -> /etc/console-setup/vtrgb
etc/alternatives/which -> /usr/bin/which.debianutils
etc/alternatives/which.1.gz -> /usr/share/man/man1/which.debianutils.1.gz
etc/alternatives/which.de1.gz -> /usr/share/man/de/man1/which.debianutils.1.gz
etc/alternatives/which.es1.gz -> /usr/share/man/es/man1/which.debianutils.1.gz
etc/alternatives/which.fr1.gz -> /usr/share/man/fr/man1/which.debianutils.1.gz
etc/alternatives/which.it1.gz -> /usr/share/man/it/man1/which.debianutils.1.gz
etc/alternatives/which.ja1.gz -> /usr/share/man/ja/man1/which.debianutils.1.gz
etc/alternatives/which.pl1.gz -> /usr/share/man/pl/man1/which.debianutils.1.gz
etc/alternatives/which.sl1.gz -> /usr/share/man/sl/man1/which.debianutils.1.gz
etc/alternatives/x-cursor-theme -> /usr/share/icons/Adwaita/cursor.theme
etc/apparmor.d/
etc/apparmor.d/1password
            354 100%    0.38kB/s    0:00:00              354 100%    0.38kB/s    0:00:00 (xfr#117, ir-chk=1191/1572)
etc/apparmor.d/Discord
            352 100%    0.38kB/s    0:00:00              352 100%    0.38kB/s    0:00:00 (xfr#118, ir-chk=1190/1572)
etc/apparmor.d/MongoDB_Compass
            386 100%    0.42kB/s    0:00:00              386 100%    0.42kB/s    0:00:00 (xfr#119, ir-chk=1189/1572)
etc/apparmor.d/QtWebEngineProcess
            404 100%    0.44kB/s    0:00:00              404 100%    0.44kB/s    0:00:00 (xfr#120, ir-chk=1188/1572)
etc/apparmor.d/balena-etcher
            374 100%    0.40kB/s    0:00:00              374 100%    0.40kB/s    0:00:00 (xfr#121, ir-chk=1187/1572)
etc/apparmor.d/brave
            348 100%    0.38kB/s    0:00:00              348 100%    0.38kB/s    0:00:00 (xfr#122, ir-chk=1186/1572)
etc/apparmor.d/buildah
            342 100%    0.37kB/s    0:00:00              342 100%    0.37kB/s    0:00:00 (xfr#123, ir-chk=1185/1572)
etc/apparmor.d/busybox
            342 100%    0.37kB/s    0:00:00              342 100%    0.37kB/s    0:00:00 (xfr#124, ir-chk=1184/1572)
etc/apparmor.d/cam
            330 100%    0.36kB/s    0:00:00              330 100%    0.36kB/s    0:00:00 (xfr#125, ir-chk=1183/1572)
etc/apparmor.d/ch-checkns
            351 100%    0.38kB/s    0:00:00              351 100%    0.38kB/s    0:00:00 (xfr#126, ir-chk=1182/1572)
etc/apparmor.d/ch-run
            339 100%    0.36kB/s    0:00:00              339 100%    0.36kB/s    0:00:00 (xfr#127, ir-chk=1181/1572)
etc/apparmor.d/chrome
            349 100%    0.38kB/s    0:00:00              349 100%    0.38kB/s    0:00:00 (xfr#128, ir-chk=1180/1572)
etc/apparmor.d/code
            349 100%    0.37kB/s    0:00:00              349 100%    0.37kB/s    0:00:00 (xfr#129, ir-chk=1179/1572)
etc/apparmor.d/crun
            333 100%    0.36kB/s    0:00:00              333 100%    0.36kB/s    0:00:00 (xfr#130, ir-chk=1178/1572)
etc/apparmor.d/devhelp
            342 100%    0.37kB/s    0:00:00              342 100%    0.37kB/s    0:00:00 (xfr#131, ir-chk=1177/1572)
etc/apparmor.d/element-desktop
            368 100%    0.39kB/s    0:00:00              368 100%    0.39kB/s    0:00:00 (xfr#132, ir-chk=1176/1572)
etc/apparmor.d/epiphany
            356 100%    0.38kB/s    0:00:00              356 100%    0.38kB/s    0:00:00 (xfr#133, ir-chk=1175/1572)
etc/apparmor.d/evolution
            348 100%    0.37kB/s    0:00:00              348 100%    0.37kB/s    0:00:00 (xfr#134, ir-chk=1174/1572)
etc/apparmor.d/firefox
            410 100%    0.44kB/s    0:00:00              410 100%    0.44kB/s    0:00:00 (xfr#135, ir-chk=1173/1572)
etc/apparmor.d/flatpak
            342 100%    0.37kB/s    0:00:00              342 100%    0.37kB/s    0:00:00 (xfr#136, ir-chk=1172/1572)
etc/apparmor.d/foliate
            342 100%    0.37kB/s    0:00:00              342 100%    0.37kB/s    0:00:00 (xfr#137, ir-chk=1171/1572)
etc/apparmor.d/geary
            336 100%    0.36kB/s    0:00:00              336 100%    0.36kB/s    0:00:00 (xfr#138, ir-chk=1170/1572)
etc/apparmor.d/github-desktop
            378 100%    0.40kB/s    0:00:00              378 100%    0.40kB/s    0:00:00 (xfr#139, ir-chk=1169/1572)
etc/apparmor.d/goldendict
            353 100%    0.38kB/s    0:00:00              353 100%    0.38kB/s    0:00:00 (xfr#140, ir-chk=1168/1572)
etc/apparmor.d/ipa_verify
            351 100%    0.38kB/s    0:00:00              351 100%    0.38kB/s    0:00:00 (xfr#141, ir-chk=1167/1572)
etc/apparmor.d/kchmviewer
            353 100%    0.38kB/s    0:00:00              353 100%    0.38kB/s    0:00:00 (xfr#142, ir-chk=1166/1572)
etc/apparmor.d/keybase
            346 100%    0.37kB/s    0:00:00              346 100%    0.37kB/s    0:00:00 (xfr#143, ir-chk=1165/1572)
etc/apparmor.d/lc-compliance
            360 100%    0.38kB/s    0:00:00              360 100%    0.38kB/s    0:00:00 (xfr#144, ir-chk=1164/1572)
etc/apparmor.d/libcamerify
            354 100%    0.38kB/s    0:00:00              354 100%    0.38kB/s    0:00:00 (xfr#145, ir-chk=1163/1572)
etc/apparmor.d/linux-sandbox
            383 100%    0.41kB/s    0:00:00              383 100%    0.41kB/s    0:00:00 (xfr#146, ir-chk=1162/1572)
etc/apparmor.d/loupe
            336 100%    0.36kB/s    0:00:00              336 100%    0.36kB/s    0:00:00 (xfr#147, ir-chk=1161/1572)
etc/apparmor.d/lsb_release
          1,379 100%    1.47kB/s    0:00:00            1,379 100%    1.47kB/s    0:00:00 (xfr#148, ir-chk=1160/1572)
etc/apparmor.d/lxc-attach
            351 100%    0.37kB/s    0:00:00              351 100%    0.37kB/s    0:00:00 (xfr#149, ir-chk=1159/1572)
etc/apparmor.d/lxc-create
            351 100%    0.37kB/s    0:00:00              351 100%    0.37kB/s    0:00:00 (xfr#150, ir-chk=1158/1572)
etc/apparmor.d/lxc-destroy
            354 100%    0.38kB/s    0:00:00              354 100%    0.38kB/s    0:00:00 (xfr#151, ir-chk=1157/1572)
etc/apparmor.d/lxc-execute
            354 100%    0.38kB/s    0:00:00              354 100%    0.38kB/s    0:00:00 (xfr#152, ir-chk=1156/1572)
etc/apparmor.d/lxc-stop
            345 100%    0.37kB/s    0:00:00              345 100%    0.37kB/s    0:00:00 (xfr#153, ir-chk=1155/1572)
etc/apparmor.d/lxc-unshare
            354 100%    0.38kB/s    0:00:00              354 100%    0.38kB/s    0:00:00 (xfr#154, ir-chk=1154/1572)
etc/apparmor.d/lxc-usernsexec
            363 100%    0.39kB/s    0:00:00              363 100%    0.39kB/s    0:00:00 (xfr#155, ir-chk=1153/1572)
etc/apparmor.d/mmdebstrap
            351 100%    0.37kB/s    0:00:00              351 100%    0.37kB/s    0:00:00 (xfr#156, ir-chk=1152/1572)
etc/apparmor.d/msedge
            352 100%    0.37kB/s    0:00:00              352 100%    0.37kB/s    0:00:00 (xfr#157, ir-chk=1151/1572)
etc/apparmor.d/nautilus
            346 100%    0.37kB/s    0:00:00              346 100%    0.37kB/s    0:00:00 (xfr#158, ir-chk=1150/1572)
etc/apparmor.d/notepadqq
            402 100%    0.43kB/s    0:00:00              402 100%    0.43kB/s    0:00:00 (xfr#159, ir-chk=1149/1572)
etc/apparmor.d/nvidia_modprobe
          1,212 100%    1.29kB/s    0:00:00            1,212 100%    1.29kB/s    0:00:00 (xfr#160, ir-chk=1148/1572)
etc/apparmor.d/obsidian
            350 100%    0.37kB/s    0:00:00              350 100%    0.37kB/s    0:00:00 (xfr#161, ir-chk=1147/1572)
etc/apparmor.d/opam
            333 100%    0.35kB/s    0:00:00              333 100%    0.35kB/s    0:00:00 (xfr#162, ir-chk=1146/1572)
etc/apparmor.d/opera
            355 100%    0.38kB/s    0:00:00              355 100%    0.38kB/s    0:00:00 (xfr#163, ir-chk=1145/1572)
etc/apparmor.d/pageedit
            347 100%    0.37kB/s    0:00:00              347 100%    0.37kB/s    0:00:00 (xfr#164, ir-chk=1144/1572)
etc/apparmor.d/plasmashell
            680 100%    0.72kB/s    0:00:00              680 100%    0.72kB/s    0:00:00 (xfr#165, ir-chk=1143/1572)
etc/apparmor.d/podman
            339 100%    0.36kB/s    0:00:00              339 100%    0.36kB/s    0:00:00 (xfr#166, ir-chk=1142/1572)
etc/apparmor.d/polypane
            350 100%    0.37kB/s    0:00:00              350 100%    0.37kB/s    0:00:00 (xfr#167, ir-chk=1141/1572)
etc/apparmor.d/privacybrowser
            365 100%    0.39kB/s    0:00:00              365 100%    0.39kB/s    0:00:00 (xfr#168, ir-chk=1140/1572)
etc/apparmor.d/qcam
            333 100%    0.35kB/s    0:00:00              333 100%    0.35kB/s    0:00:00 (xfr#169, ir-chk=1139/1572)
etc/apparmor.d/qmapshack
            348 100%    0.37kB/s    0:00:00              348 100%    0.37kB/s    0:00:00 (xfr#170, ir-chk=1138/1572)
etc/apparmor.d/qutebrowser
            354 100%    0.37kB/s    0:00:00              354 100%    0.37kB/s    0:00:00 (xfr#171, ir-chk=1137/1572)
etc/apparmor.d/rootlesskit
            354 100%    0.37kB/s    0:00:00              354 100%    0.37kB/s    0:00:00 (xfr#172, ir-chk=1136/1572)
etc/apparmor.d/rpm
            330 100%    0.35kB/s    0:00:00              330 100%    0.35kB/s    0:00:00 (xfr#173, ir-chk=1135/1572)
etc/apparmor.d/rssguard
            347 100%    0.37kB/s    0:00:00              347 100%    0.37kB/s    0:00:00 (xfr#174, ir-chk=1134/1572)
etc/apparmor.d/runc
            334 100%    0.35kB/s    0:00:00              334 100%    0.35kB/s    0:00:00 (xfr#175, ir-chk=1133/1572)
etc/apparmor.d/sbuild
            339 100%    0.36kB/s    0:00:00              339 100%    0.36kB/s    0:00:00 (xfr#176, ir-chk=1132/1572)
etc/apparmor.d/sbuild-abort
            357 100%    0.38kB/s    0:00:00              357 100%    0.38kB/s    0:00:00 (xfr#177, ir-chk=1131/1572)
etc/apparmor.d/sbuild-adduser
            364 100%    0.38kB/s    0:00:00              364 100%    0.38kB/s    0:00:00 (xfr#178, ir-chk=1130/1572)
etc/apparmor.d/sbuild-apt
            351 100%    0.37kB/s    0:00:00              351 100%    0.37kB/s    0:00:00 (xfr#179, ir-chk=1129/1572)
etc/apparmor.d/sbuild-checkpackages
            381 100%    0.40kB/s    0:00:00              381 100%    0.40kB/s    0:00:00 (xfr#180, ir-chk=1128/1572)
etc/apparmor.d/sbuild-clean
            357 100%    0.38kB/s    0:00:00              357 100%    0.38kB/s    0:00:00 (xfr#181, ir-chk=1127/1572)
etc/apparmor.d/sbuild-createchroot
            378 100%    0.40kB/s    0:00:00              378 100%    0.40kB/s    0:00:00 (xfr#182, ir-chk=1126/1572)
etc/apparmor.d/sbuild-destroychroot
            382 100%    0.40kB/s    0:00:00              382 100%    0.40kB/s    0:00:00 (xfr#183, ir-chk=1125/1572)
etc/apparmor.d/sbuild-distupgrade
            375 100%    0.39kB/s    0:00:00              375 100%    0.39kB/s    0:00:00 (xfr#184, ir-chk=1124/1572)
etc/apparmor.d/sbuild-hold
            354 100%    0.37kB/s    0:00:00              354 100%    0.37kB/s    0:00:00 (xfr#185, ir-chk=1123/1572)
etc/apparmor.d/sbuild-shell
            365 100%    0.38kB/s    0:00:00              365 100%    0.38kB/s    0:00:00 (xfr#186, ir-chk=1122/1572)
etc/apparmor.d/sbuild-unhold
            360 100%    0.38kB/s    0:00:00              360 100%    0.38kB/s    0:00:00 (xfr#187, ir-chk=1121/1572)
etc/apparmor.d/sbuild-update
            360 100%    0.38kB/s    0:00:00              360 100%    0.38kB/s    0:00:00 (xfr#188, ir-chk=1120/1572)
etc/apparmor.d/sbuild-upgrade
            363 100%    0.38kB/s    0:00:00              363 100%    0.38kB/s    0:00:00 (xfr#189, ir-chk=1119/1572)
etc/apparmor.d/scide
            355 100%    0.37kB/s    0:00:00              355 100%    0.37kB/s    0:00:00 (xfr#190, ir-chk=1118/1572)
etc/apparmor.d/signal-desktop
            366 100%    0.38kB/s    0:00:00              366 100%    0.38kB/s    0:00:00 (xfr#191, ir-chk=1117/1572)
etc/apparmor.d/slack
            342 100%    0.36kB/s    0:00:00              342 100%    0.36kB/s    0:00:00 (xfr#192, ir-chk=1116/1572)
etc/apparmor.d/slirp4netns
            354 100%    0.37kB/s    0:00:00              354 100%    0.37kB/s    0:00:00 (xfr#193, ir-chk=1115/1572)
etc/apparmor.d/steam
            363 100%    0.38kB/s    0:00:00              363 100%    0.38kB/s    0:00:00 (xfr#194, ir-chk=1114/1572)
etc/apparmor.d/stress-ng
            348 100%    0.36kB/s    0:00:00              348 100%    0.36kB/s    0:00:00 (xfr#195, ir-chk=1113/1572)
etc/apparmor.d/surfshark
            354 100%    0.37kB/s    0:00:00              354 100%    0.37kB/s    0:00:00 (xfr#196, ir-chk=1112/1572)
etc/apparmor.d/systemd-coredump
            377 100%    0.39kB/s    0:00:00              377 100%    0.39kB/s    0:00:00 (xfr#197, ir-chk=1111/1572)
etc/apparmor.d/thunderbird
            354 100%    0.37kB/s    0:00:00              354 100%    0.37kB/s    0:00:00 (xfr#198, ir-chk=1110/1572)
etc/apparmor.d/toybox
            335 100%    0.35kB/s    0:00:00              335 100%    0.35kB/s    0:00:00 (xfr#199, ir-chk=1109/1572)
etc/apparmor.d/transmission
          2,400 100%    2.50kB/s    0:00:00            2,400 100%    2.50kB/s    0:00:00 (xfr#200, ir-chk=1108/1572)
etc/apparmor.d/trinity
            342 100%    0.36kB/s    0:00:00              342 100%    0.36kB/s    0:00:00 (xfr#201, ir-chk=1107/1572)
etc/apparmor.d/tup
            330 100%    0.34kB/s    0:00:00              330 100%    0.34kB/s    0:00:00 (xfr#202, ir-chk=1106/1572)
etc/apparmor.d/tuxedo-control-center
            400 100%    0.42kB/s    0:00:00              400 100%    0.42kB/s    0:00:00 (xfr#203, ir-chk=1105/1572)
etc/apparmor.d/ubuntu_pro_apt_news
          1,740 100%    1.81kB/s    0:00:00            1,740 100%    1.80kB/s    0:00:00 (xfr#204, ir-chk=1104/1572)
etc/apparmor.d/ubuntu_pro_esm_cache
          6,917 100%    7.17kB/s    0:00:00            6,917 100%    7.17kB/s    0:00:00 (xfr#205, ir-chk=1103/1572)
etc/apparmor.d/unix-chkpwd
            881 100%    0.91kB/s    0:00:00              881 100%    0.91kB/s    0:00:00 (xfr#206, ir-chk=1102/1572)
etc/apparmor.d/unprivileged_userns
            699 100%    0.72kB/s    0:00:00              699 100%    0.72kB/s    0:00:00 (xfr#207, ir-chk=1101/1572)
etc/apparmor.d/userbindmount
            360 100%    0.37kB/s    0:00:00              360 100%    0.37kB/s    0:00:00 (xfr#208, ir-chk=1100/1572)
etc/apparmor.d/usr.bin.man
          3,448 100%    3.57kB/s    0:00:00            3,448 100%    3.57kB/s    0:00:00 (xfr#209, ir-chk=1099/1572)
etc/apparmor.d/usr.bin.tcpdump
          1,687 100%    1.75kB/s    0:00:00            1,687 100%    1.75kB/s    0:00:00 (xfr#210, ir-chk=1098/1572)
etc/apparmor.d/usr.lib.snapd.snap-confine.real
         31,789 100%   32.85kB/s    0:00:00           31,789 100%   32.85kB/s    0:00:00 (xfr#211, ir-chk=1097/1572)
etc/apparmor.d/usr.sbin.rsyslogd
          1,508 100%    1.56kB/s    0:00:00            1,508 100%    1.56kB/s    0:00:00 (xfr#212, ir-chk=1096/1572)
etc/apparmor.d/uwsgi-core
            351 100%    0.36kB/s    0:00:00              351 100%    0.36kB/s    0:00:00 (xfr#213, ir-chk=1095/1572)
etc/apparmor.d/vdens
            336 100%    0.35kB/s    0:00:00              336 100%    0.35kB/s    0:00:00 (xfr#214, ir-chk=1094/1572)
etc/apparmor.d/virtiofsd
            352 100%    0.36kB/s    0:00:00              352 100%    0.36kB/s    0:00:00 (xfr#215, ir-chk=1093/1572)
etc/apparmor.d/vivaldi-bin
            358 100%    0.37kB/s    0:00:00              358 100%    0.37kB/s    0:00:00 (xfr#216, ir-chk=1092/1572)
etc/apparmor.d/vpnns
            336 100%    0.35kB/s    0:00:00              336 100%    0.35kB/s    0:00:00 (xfr#217, ir-chk=1091/1572)
etc/apparmor.d/wike
            333 100%    0.34kB/s    0:00:00              333 100%    0.34kB/s    0:00:00 (xfr#218, ir-chk=1090/1572)
etc/apparmor.d/wpcom
            346 100%    0.36kB/s    0:00:00              346 100%    0.36kB/s    0:00:00 (xfr#219, ir-chk=1089/1572)
etc/apparmor.d/abi/
etc/apparmor.d/abi/3.0
          1,925 100%    1.98kB/s    0:00:00            1,925 100%    1.98kB/s    0:00:00 (xfr#220, ir-chk=1081/1572)
etc/apparmor.d/abi/4.0
          2,205 100%    2.27kB/s    0:00:00            2,205 100%    2.27kB/s    0:00:00 (xfr#221, ir-chk=1080/1572)
etc/apparmor.d/abi/kernel-5.4-outoftree-network
          1,633 100%    1.68kB/s    0:00:00            1,633 100%    1.68kB/s    0:00:00 (xfr#222, ir-chk=1079/1572)
etc/apparmor.d/abi/kernel-5.4-vanilla
          1,302 100%    1.34kB/s    0:00:00            1,302 100%    1.34kB/s    0:00:00 (xfr#223, ir-chk=1078/1572)
etc/apparmor.d/abstractions/
etc/apparmor.d/abstractions/X
          1,989 100%    2.03kB/s    0:00:00            1,989 100%    2.03kB/s    0:00:00 (xfr#224, ir-chk=1139/1634)
etc/apparmor.d/abstractions/apache2-common
          1,119 100%    1.14kB/s    0:00:00            1,119 100%    1.14kB/s    0:00:00 (xfr#225, ir-chk=1138/1634)
etc/apparmor.d/abstractions/aspell
            412 100%    0.42kB/s    0:00:00              412 100%    0.42kB/s    0:00:00 (xfr#226, ir-chk=1137/1634)
etc/apparmor.d/abstractions/audio
          2,063 100%    2.10kB/s    0:00:00            2,063 100%    2.10kB/s    0:00:00 (xfr#227, ir-chk=1136/1634)
etc/apparmor.d/abstractions/authentication
          2,194 100%    2.23kB/s    0:00:00            2,194 100%    2.23kB/s    0:00:00 (xfr#228, ir-chk=1135/1634)
etc/apparmor.d/abstractions/base
          7,093 100%    7.20kB/s    0:00:00            7,093 100%    7.20kB/s    0:00:00 (xfr#229, ir-chk=1134/1634)
etc/apparmor.d/abstractions/bash
          1,614 100%    1.64kB/s    0:00:00            1,614 100%    1.64kB/s    0:00:00 (xfr#230, ir-chk=1133/1634)
etc/apparmor.d/abstractions/consoles
            903 100%    0.92kB/s    0:00:00              903 100%    0.92kB/s    0:00:00 (xfr#231, ir-chk=1132/1634)
etc/apparmor.d/abstractions/crypto
            992 100%    1.01kB/s    0:00:00              992 100%    1.01kB/s    0:00:00 (xfr#232, ir-chk=1131/1634)
etc/apparmor.d/abstractions/cups-client
            820 100%    0.83kB/s    0:00:00              820 100%    0.83kB/s    0:00:00 (xfr#233, ir-chk=1130/1634)
etc/apparmor.d/abstractions/dbus
            694 100%    0.70kB/s    0:00:00              694 100%    0.70kB/s    0:00:00 (xfr#234, ir-chk=1129/1634)
etc/apparmor.d/abstractions/dbus-accessibility
            745 100%    0.75kB/s    0:00:00              745 100%    0.75kB/s    0:00:00 (xfr#235, ir-chk=1128/1634)
etc/apparmor.d/abstractions/dbus-accessibility-strict
            760 100%    0.77kB/s    0:00:00              760 100%    0.77kB/s    0:00:00 (xfr#236, ir-chk=1127/1634)
etc/apparmor.d/abstractions/dbus-network-manager-strict
          1,403 100%    1.42kB/s    0:00:00            1,403 100%    1.42kB/s    0:00:00 (xfr#237, ir-chk=1126/1634)
etc/apparmor.d/abstractions/dbus-session
            747 100%    0.75kB/s    0:00:00              747 100%    0.75kB/s    0:00:00 (xfr#238, ir-chk=1125/1634)
etc/apparmor.d/abstractions/dbus-session-strict
          1,261 100%    1.27kB/s    0:00:00            1,261 100%    1.27kB/s    0:00:00 (xfr#239, ir-chk=1124/1634)
etc/apparmor.d/abstractions/dbus-strict
            781 100%    0.79kB/s    0:00:00              781 100%    0.79kB/s    0:00:00 (xfr#240, ir-chk=1123/1634)
etc/apparmor.d/abstractions/dconf
            344 100%    0.35kB/s    0:00:00              344 100%    0.35kB/s    0:00:00 (xfr#241, ir-chk=1122/1634)
etc/apparmor.d/abstractions/dovecot-common
            675 100%    0.68kB/s    0:00:00              675 100%    0.68kB/s    0:00:00 (xfr#242, ir-chk=1121/1634)
etc/apparmor.d/abstractions/dri-common
            542 100%    0.54kB/s    0:00:00              542 100%    0.54kB/s    0:00:00 (xfr#243, ir-chk=1120/1634)
etc/apparmor.d/abstractions/dri-enumerate
            392 100%    0.39kB/s    0:00:00              392 100%    0.39kB/s    0:00:00 (xfr#244, ir-chk=1119/1634)
etc/apparmor.d/abstractions/enchant
          2,220 100%    2.23kB/s    0:00:00            2,220 100%    2.23kB/s    0:00:00 (xfr#245, ir-chk=1118/1634)
etc/apparmor.d/abstractions/exo-open
          1,921 100%    1.93kB/s    0:00:00            1,921 100%    1.93kB/s    0:00:00 (xfr#246, ir-chk=1117/1634)
etc/apparmor.d/abstractions/fcitx
            558 100%    0.56kB/s    0:00:00              558 100%    0.56kB/s    0:00:00 (xfr#247, ir-chk=1116/1634)
etc/apparmor.d/abstractions/fcitx-strict
            821 100%    0.82kB/s    0:00:00              821 100%    0.82kB/s    0:00:00 (xfr#248, ir-chk=1115/1634)
etc/apparmor.d/abstractions/fonts
          2,280 100%    2.28kB/s    0:00:00            2,280 100%    2.28kB/s    0:00:00 (xfr#249, ir-chk=1114/1634)
etc/apparmor.d/abstractions/freedesktop.org
          1,684 100%    1.68kB/s    0:00:00            1,684 100%    1.68kB/s    0:00:00 (xfr#250, ir-chk=1113/1634)
etc/apparmor.d/abstractions/gio-open
          1,546 100%    1.54kB/s    0:00:00            1,546 100%    1.54kB/s    0:00:00 (xfr#251, ir-chk=1112/1634)
etc/apparmor.d/abstractions/gnome
          3,815 100%    3.81kB/s    0:00:00            3,815 100%    3.81kB/s    0:00:00 (xfr#252, ir-chk=1111/1634)
etc/apparmor.d/abstractions/gnupg
            459 100%    0.46kB/s    0:00:00              459 100%    0.46kB/s    0:00:00 (xfr#253, ir-chk=1110/1634)
etc/apparmor.d/abstractions/groff
          1,908 100%    1.90kB/s    0:00:00            1,908 100%    1.90kB/s    0:00:00 (xfr#254, ir-chk=1109/1634)
etc/apparmor.d/abstractions/gtk
          1,622 100%    1.61kB/s    0:00:00            1,622 100%    1.61kB/s    0:00:00 (xfr#255, ir-chk=1108/1634)
etc/apparmor.d/abstractions/gvfs-open
          1,180 100%    1.17kB/s    0:00:00            1,180 100%    1.17kB/s    0:00:00 (xfr#256, ir-chk=1107/1634)
etc/apparmor.d/abstractions/hosts_access
            511 100%    0.51kB/s    0:00:00              511 100%    0.51kB/s    0:00:00 (xfr#257, ir-chk=1106/1634)
etc/apparmor.d/abstractions/ibus
            992 100%    0.98kB/s    0:00:00              992 100%    0.98kB/s    0:00:00 (xfr#258, ir-chk=1105/1634)
etc/apparmor.d/abstractions/kde
          3,329 100%    3.30kB/s    0:00:00            3,329 100%    3.30kB/s    0:00:00 (xfr#259, ir-chk=1104/1634)
etc/apparmor.d/abstractions/kde-globals-write
            413 100%    0.41kB/s    0:00:00              413 100%    0.41kB/s    0:00:00 (xfr#260, ir-chk=1103/1634)
etc/apparmor.d/abstractions/kde-icon-cache-write
            256 100%    0.25kB/s    0:00:00              256 100%    0.25kB/s    0:00:00 (xfr#261, ir-chk=1102/1634)
etc/apparmor.d/abstractions/kde-language-write
            575 100%    0.57kB/s    0:00:00              575 100%    0.57kB/s    0:00:00 (xfr#262, ir-chk=1101/1634)
etc/apparmor.d/abstractions/kde-open5
          3,666 100%    3.62kB/s    0:00:00            3,666 100%    3.62kB/s    0:00:00 (xfr#263, ir-chk=1100/1634)
etc/apparmor.d/abstractions/kerberosclient
          1,476 100%    1.46kB/s    0:00:00            1,476 100%    1.46kB/s    0:00:00 (xfr#264, ir-chk=1099/1634)
etc/apparmor.d/abstractions/ldapclient
            856 100%    0.85kB/s    0:00:00              856 100%    0.85kB/s    0:00:00 (xfr#265, ir-chk=1098/1634)
etc/apparmor.d/abstractions/libpam-systemd
            770 100%    0.76kB/s    0:00:00              770 100%    0.76kB/s    0:00:00 (xfr#266, ir-chk=1097/1634)
etc/apparmor.d/abstractions/likewise
            595 100%    0.59kB/s    0:00:00              595 100%    0.59kB/s    0:00:00 (xfr#267, ir-chk=1096/1634)
etc/apparmor.d/abstractions/mdns
            554 100%    0.55kB/s    0:00:00              554 100%    0.55kB/s    0:00:00 (xfr#268, ir-chk=1095/1634)
etc/apparmor.d/abstractions/mesa
          1,238 100%    1.22kB/s    0:00:00            1,238 100%    1.22kB/s    0:00:00 (xfr#269, ir-chk=1094/1634)
etc/apparmor.d/abstractions/mir
            694 100%    0.68kB/s    0:00:00              694 100%    0.68kB/s    0:00:00 (xfr#270, ir-chk=1093/1634)
etc/apparmor.d/abstractions/mozc
            573 100%    0.56kB/s    0:00:00              573 100%    0.56kB/s    0:00:00 (xfr#271, ir-chk=1092/1634)
etc/apparmor.d/abstractions/mysql
            739 100%    0.72kB/s    0:00:00              739 100%    0.72kB/s    0:00:00 (xfr#272, ir-chk=1091/1634)
etc/apparmor.d/abstractions/nameservice
          4,563 100%    4.47kB/s    0:00:00            4,563 100%    4.47kB/s    0:00:00 (xfr#273, ir-chk=1090/1634)
etc/apparmor.d/abstractions/nis
            625 100%    0.61kB/s    0:00:00              625 100%    0.61kB/s    0:00:00 (xfr#274, ir-chk=1089/1634)
etc/apparmor.d/abstractions/nss-systemd
          1,248 100%    1.22kB/s    0:00:00            1,248 100%    1.22kB/s    0:00:00 (xfr#275, ir-chk=1088/1634)
etc/apparmor.d/abstractions/nvidia
          1,113 100%    1.09kB/s    0:00:00            1,113 100%    1.09kB/s    0:00:00 (xfr#276, ir-chk=1087/1634)
etc/apparmor.d/abstractions/opencl
            370 100%    0.36kB/s    0:00:00              370 100%    0.36kB/s    0:00:00 (xfr#277, ir-chk=1086/1634)
etc/apparmor.d/abstractions/opencl-common
            516 100%    0.50kB/s    0:00:00              516 100%    0.50kB/s    0:00:00 (xfr#278, ir-chk=1085/1634)
etc/apparmor.d/abstractions/opencl-intel
            672 100%    0.66kB/s    0:00:00              672 100%    0.66kB/s    0:00:01 (xfr#279, ir-chk=1084/1634)
etc/apparmor.d/abstractions/opencl-mesa
            636 100%    0.62kB/s    0:00:00              636 100%    0.62kB/s    0:00:01 (xfr#280, ir-chk=1083/1634)
etc/apparmor.d/abstractions/opencl-nvidia
            895 100%    0.87kB/s    0:00:00              895 100%    0.87kB/s    0:00:01 (xfr#281, ir-chk=1082/1634)
etc/apparmor.d/abstractions/opencl-pocl
          2,912 100%    2.84kB/s    0:00:00            2,912 100%    2.84kB/s    0:00:01 (xfr#282, ir-chk=1081/1634)
etc/apparmor.d/abstractions/openssl
            642 100%    0.63kB/s    0:00:00              642 100%    0.63kB/s    0:00:01 (xfr#283, ir-chk=1080/1634)
etc/apparmor.d/abstractions/orbit2
            197 100%    0.19kB/s    0:00:00              197 100%    0.19kB/s    0:00:01 (xfr#284, ir-chk=1079/1634)
etc/apparmor.d/abstractions/p11-kit
            999 100%    0.97kB/s    0:00:00              999 100%    0.97kB/s    0:00:01 (xfr#285, ir-chk=1078/1634)
etc/apparmor.d/abstractions/perl
            974 100%    0.95kB/s    0:00:00              974 100%    0.95kB/s    0:00:01 (xfr#286, ir-chk=1077/1634)
etc/apparmor.d/abstractions/php
          1,128 100%    1.10kB/s    0:00:00            1,128 100%    1.10kB/s    0:00:01 (xfr#287, ir-chk=1076/1634)
etc/apparmor.d/abstractions/php-worker
            558 100%    0.54kB/s    0:00:00              558 100%    0.54kB/s    0:00:01 (xfr#288, ir-chk=1075/1634)
etc/apparmor.d/abstractions/php5
            208 100%    0.20kB/s    0:00:00              208 100%    0.20kB/s    0:00:01 (xfr#289, ir-chk=1074/1634)
etc/apparmor.d/abstractions/postfix-common
          1,356 100%    1.31kB/s    0:00:00            1,356 100%    1.31kB/s    0:00:01 (xfr#290, ir-chk=1073/1634)
etc/apparmor.d/abstractions/private-files
          1,660 100%    1.61kB/s    0:00:00            1,660 100%    1.61kB/s    0:00:01 (xfr#291, ir-chk=1072/1634)
etc/apparmor.d/abstractions/private-files-strict
          1,212 100%    1.17kB/s    0:00:00            1,212 100%    1.17kB/s    0:00:01 (xfr#292, ir-chk=1071/1634)
etc/apparmor.d/abstractions/python
          2,293 100%    2.21kB/s    0:00:00            2,293 100%    2.21kB/s    0:00:01 (xfr#293, ir-chk=1070/1634)
etc/apparmor.d/abstractions/qt5
            863 100%    0.83kB/s    0:00:00              863 100%    0.83kB/s    0:00:01 (xfr#294, ir-chk=1069/1634)
etc/apparmor.d/abstractions/qt5-compose-cache-write
            399 100%    0.39kB/s    0:00:00              399 100%    0.39kB/s    0:00:01 (xfr#295, ir-chk=1068/1634)
etc/apparmor.d/abstractions/qt5-settings-write
            514 100%    0.50kB/s    0:00:00              514 100%    0.50kB/s    0:00:01 (xfr#296, ir-chk=1067/1634)
etc/apparmor.d/abstractions/recent-documents-write
            466 100%    0.45kB/s    0:00:00              466 100%    0.45kB/s    0:00:01 (xfr#297, ir-chk=1066/1634)
etc/apparmor.d/abstractions/ruby
          1,008 100%    0.97kB/s    0:00:00            1,008 100%    0.97kB/s    0:00:01 (xfr#298, ir-chk=1065/1634)
etc/apparmor.d/abstractions/samba
          1,299 100%    1.25kB/s    0:00:00            1,299 100%    1.25kB/s    0:00:01 (xfr#299, ir-chk=1064/1634)
etc/apparmor.d/abstractions/samba-rpcd
            817 100%    0.79kB/s    0:00:00              817 100%    0.79kB/s    0:00:01 (xfr#300, ir-chk=1063/1634)
etc/apparmor.d/abstractions/smbpass
            581 100%    0.56kB/s    0:00:00              581 100%    0.56kB/s    0:00:01 (xfr#301, ir-chk=1062/1634)
etc/apparmor.d/abstractions/snap_browsers
          1,579 100%    1.52kB/s    0:00:00            1,579 100%    1.52kB/s    0:00:01 (xfr#302, ir-chk=1061/1634)
etc/apparmor.d/abstractions/ssl_certs
          1,522 100%    1.46kB/s    0:00:00            1,522 100%    1.46kB/s    0:00:01 (xfr#303, ir-chk=1060/1634)
etc/apparmor.d/abstractions/ssl_keys
            938 100%    0.90kB/s    0:00:00              938 100%    0.90kB/s    0:00:01 (xfr#304, ir-chk=1059/1634)
etc/apparmor.d/abstractions/svn-repositories
          1,759 100%    1.69kB/s    0:00:00            1,759 100%    1.69kB/s    0:00:01 (xfr#305, ir-chk=1058/1634)
etc/apparmor.d/abstractions/transmission-common
          4,379 100%    4.20kB/s    0:00:00            4,379 100%    4.20kB/s    0:00:01 (xfr#306, ir-chk=1057/1634)
etc/apparmor.d/abstractions/trash
          3,621 100%    3.47kB/s    0:00:00            3,621 100%    3.47kB/s    0:00:01 (xfr#307, ir-chk=1056/1634)
etc/apparmor.d/abstractions/ubuntu-bittorrent-clients
            821 100%    0.79kB/s    0:00:00              821 100%    0.79kB/s    0:00:01 (xfr#308, ir-chk=1055/1634)
etc/apparmor.d/abstractions/ubuntu-browsers
          1,621 100%    1.55kB/s    0:00:00            1,621 100%    1.55kB/s    0:00:01 (xfr#309, ir-chk=1054/1634)
etc/apparmor.d/abstractions/ubuntu-console-browsers
            731 100%    0.70kB/s    0:00:00              731 100%    0.70kB/s    0:00:01 (xfr#310, ir-chk=1053/1634)
etc/apparmor.d/abstractions/ubuntu-console-email
            718 100%    0.69kB/s    0:00:00              718 100%    0.69kB/s    0:00:01 (xfr#311, ir-chk=1052/1634)
etc/apparmor.d/abstractions/ubuntu-email
          1,087 100%    1.04kB/s    0:00:00            1,087 100%    1.04kB/s    0:00:01 (xfr#312, ir-chk=1051/1634)
etc/apparmor.d/abstractions/ubuntu-feed-readers
            456 100%    0.44kB/s    0:00:00              456 100%    0.44kB/s    0:00:01 (xfr#313, ir-chk=1050/1634)
etc/apparmor.d/abstractions/ubuntu-gnome-terminal
            300 100%    0.29kB/s    0:00:00              300 100%    0.29kB/s    0:00:01 (xfr#314, ir-chk=1049/1634)
etc/apparmor.d/abstractions/ubuntu-helpers
          3,909 100%    3.73kB/s    0:00:00            3,909 100%    3.73kB/s    0:00:01 (xfr#315, ir-chk=1048/1634)
etc/apparmor.d/abstractions/ubuntu-konsole
            453 100%    0.43kB/s    0:00:00              453 100%    0.43kB/s    0:00:01 (xfr#316, ir-chk=1047/1634)
etc/apparmor.d/abstractions/ubuntu-media-players
          2,352 100%    2.25kB/s    0:00:00            2,352 100%    2.25kB/s    0:00:01 (xfr#317, ir-chk=1046/1634)
etc/apparmor.d/abstractions/ubuntu-unity7-base
          2,558 100%    2.44kB/s    0:00:00            2,558 100%    2.44kB/s    0:00:01 (xfr#318, ir-chk=1045/1634)
etc/apparmor.d/abstractions/ubuntu-unity7-launcher
            311 100%    0.30kB/s    0:00:00              311 100%    0.30kB/s    0:00:01 (xfr#319, ir-chk=1044/1634)
etc/apparmor.d/abstractions/ubuntu-unity7-messaging
            313 100%    0.30kB/s    0:00:00              313 100%    0.30kB/s    0:00:01 (xfr#320, ir-chk=1043/1634)
etc/apparmor.d/abstractions/ubuntu-xterm
            346 100%    0.33kB/s    0:00:00              346 100%    0.33kB/s    0:00:01 (xfr#321, ir-chk=1042/1634)
etc/apparmor.d/abstractions/user-download
            987 100%    0.94kB/s    0:00:00              987 100%    0.94kB/s    0:00:01 (xfr#322, ir-chk=1041/1634)
etc/apparmor.d/abstractions/user-mail
            944 100%    0.90kB/s    0:00:00              944 100%    0.90kB/s    0:00:01 (xfr#323, ir-chk=1040/1634)
etc/apparmor.d/abstractions/user-manpages
          1,000 100%    0.95kB/s    0:00:00            1,000 100%    0.95kB/s    0:00:01 (xfr#324, ir-chk=1039/1634)
etc/apparmor.d/abstractions/user-tmp
            760 100%    0.72kB/s    0:00:00              760 100%    0.72kB/s    0:00:01 (xfr#325, ir-chk=1038/1634)
etc/apparmor.d/abstractions/user-write
            972 100%    0.92kB/s    0:00:00              972 100%    0.92kB/s    0:00:01 (xfr#326, ir-chk=1037/1634)
etc/apparmor.d/abstractions/video
            594 100%    0.56kB/s    0:00:00              594 100%    0.56kB/s    0:00:01 (xfr#327, ir-chk=1036/1634)
etc/apparmor.d/abstractions/vulkan
          1,129 100%    1.07kB/s    0:00:00            1,129 100%    1.07kB/s    0:00:01 (xfr#328, ir-chk=1035/1634)
etc/apparmor.d/abstractions/wayland
            713 100%    0.68kB/s    0:00:00              713 100%    0.68kB/s    0:00:01 (xfr#329, ir-chk=1034/1634)
etc/apparmor.d/abstractions/web-data
            811 100%    0.77kB/s    0:00:00              811 100%    0.77kB/s    0:00:01 (xfr#330, ir-chk=1033/1634)
etc/apparmor.d/abstractions/winbind
            882 100%    0.83kB/s    0:00:00              882 100%    0.83kB/s    0:00:01 (xfr#331, ir-chk=1032/1634)
etc/apparmor.d/abstractions/wutmp
            788 100%    0.74kB/s    0:00:00              788 100%    0.74kB/s    0:00:01 (xfr#332, ir-chk=1031/1634)
etc/apparmor.d/abstractions/xad
            984 100%    0.93kB/s    0:00:00              984 100%    0.93kB/s    0:00:01 (xfr#333, ir-chk=1030/1634)
etc/apparmor.d/abstractions/xdg-desktop
            782 100%    0.74kB/s    0:00:00              782 100%    0.74kB/s    0:00:01 (xfr#334, ir-chk=1029/1634)
etc/apparmor.d/abstractions/xdg-open
          2,286 100%    2.16kB/s    0:00:00            2,286 100%    2.16kB/s    0:00:01 (xfr#335, ir-chk=1028/1634)
etc/apparmor.d/abstractions/apparmor_api/
etc/apparmor.d/abstractions/apparmor_api/change_profile
            420 100%    0.40kB/s    0:00:00              420 100%    0.40kB/s    0:00:01 (xfr#336, ir-chk=1025/1634)
etc/apparmor.d/abstractions/apparmor_api/examine
            504 100%    0.47kB/s    0:00:00              504 100%    0.47kB/s    0:00:01 (xfr#337, ir-chk=1024/1634)
etc/apparmor.d/abstractions/apparmor_api/find_mountpoint
            518 100%    0.49kB/s    0:00:00              518 100%    0.49kB/s    0:00:01 (xfr#338, ir-chk=1023/1634)
etc/apparmor.d/abstractions/apparmor_api/introspect
            503 100%    0.47kB/s    0:00:00              503 100%    0.47kB/s    0:00:01 (xfr#339, ir-chk=1022/1634)
etc/apparmor.d/abstractions/apparmor_api/is_enabled
            656 100%    0.62kB/s    0:00:00              656 100%    0.62kB/s    0:00:01 (xfr#340, ir-chk=1021/1634)
etc/apparmor.d/abstractions/ubuntu-browsers.d/
etc/apparmor.d/abstractions/ubuntu-browsers.d/chromium-browser
          1,018 100%    0.96kB/s    0:00:00            1,018 100%    0.96kB/s    0:00:01 (xfr#341, ir-chk=1020/1634)
etc/apparmor.d/abstractions/ubuntu-browsers.d/java
          3,889 100%    3.65kB/s    0:00:00            3,889 100%    3.65kB/s    0:00:01 (xfr#342, ir-chk=1019/1634)
etc/apparmor.d/abstractions/ubuntu-browsers.d/kde
            381 100%    0.36kB/s    0:00:00              381 100%    0.36kB/s    0:00:01 (xfr#343, ir-chk=1018/1634)
etc/apparmor.d/abstractions/ubuntu-browsers.d/mailto
            339 100%    0.32kB/s    0:00:00              339 100%    0.32kB/s    0:00:01 (xfr#344, ir-chk=1017/1634)
etc/apparmor.d/abstractions/ubuntu-browsers.d/multimedia
          1,414 100%    1.33kB/s    0:00:00            1,414 100%    1.33kB/s    0:00:01 (xfr#345, ir-chk=1016/1634)
etc/apparmor.d/abstractions/ubuntu-browsers.d/plugins-common
            351 100%    0.33kB/s    0:00:00              351 100%    0.33kB/s    0:00:01 (xfr#346, ir-chk=1015/1634)
etc/apparmor.d/abstractions/ubuntu-browsers.d/productivity
            894 100%    0.84kB/s    0:00:00              894 100%    0.84kB/s    0:00:01 (xfr#347, ir-chk=1014/1634)
etc/apparmor.d/abstractions/ubuntu-browsers.d/text-editors
            672 100%    0.63kB/s    0:00:00              672 100%    0.63kB/s    0:00:01 (xfr#348, ir-chk=1013/1634)
etc/apparmor.d/abstractions/ubuntu-browsers.d/ubuntu-integration
          1,134 100%    1.06kB/s    0:00:00            1,134 100%    1.06kB/s    0:00:01 (xfr#349, ir-chk=1012/1634)
etc/apparmor.d/abstractions/ubuntu-browsers.d/ubuntu-integration-xul
            185 100%    0.17kB/s    0:00:00              185 100%    0.17kB/s    0:00:01 (xfr#350, ir-chk=1011/1634)
etc/apparmor.d/abstractions/ubuntu-browsers.d/user-files
            935 100%    0.87kB/s    0:00:00              935 100%    0.87kB/s    0:00:01 (xfr#351, ir-chk=1010/1634)
etc/apparmor.d/disable/
etc/apparmor.d/force-complain/
etc/apparmor.d/local/
etc/apparmor.d/local/README
          1,203 100%    1.12kB/s    0:00:00            1,203 100%    1.12kB/s    0:00:01 (xfr#352, ir-chk=1009/1634)
etc/apparmor.d/local/lsb_release
              0 100%    0.00kB/s    0:00:00 (xfr#353, ir-chk=1008/1634)
etc/apparmor.d/local/nvidia_modprobe
              0 100%    0.00kB/s    0:00:00 (xfr#354, ir-chk=1007/1634)
etc/apparmor.d/local/ubuntu_pro_apt_news
              0 100%    0.00kB/s    0:00:00 (xfr#355, ir-chk=1006/1634)
etc/apparmor.d/local/ubuntu_pro_esm_cache
              0 100%    0.00kB/s    0:00:00 (xfr#356, ir-chk=1005/1634)
etc/apparmor.d/local/usr.bin.man
              0 100%    0.00kB/s    0:00:00 (xfr#357, ir-chk=1004/1634)
etc/apparmor.d/local/usr.bin.tcpdump
              0 100%    0.00kB/s    0:00:00 (xfr#358, ir-chk=1003/1634)
etc/apparmor.d/local/usr.lib.snapd.snap-confine.real
              0 100%    0.00kB/s    0:00:00 (xfr#359, ir-chk=1002/1634)
etc/apparmor.d/local/usr.sbin.rsyslogd
              0 100%    0.00kB/s    0:00:00 (xfr#360, ir-chk=1001/1634)
etc/apparmor.d/rsyslog.d/
etc/apparmor.d/rsyslog.d/README
            691 100%    0.64kB/s    0:00:00              691 100%    0.64kB/s    0:00:01 (xfr#361, ir-chk=1000/1634)
etc/apparmor.d/tunables/
etc/apparmor.d/tunables/alias
            734 100%    0.68kB/s    0:00:00              734 100%    0.68kB/s    0:00:01 (xfr#362, ir-chk=1044/1679)
etc/apparmor.d/tunables/apparmorfs
            495 100%    0.46kB/s    0:00:00              495 100%    0.46kB/s    0:00:01 (xfr#363, ir-chk=1043/1679)
etc/apparmor.d/tunables/dovecot
            917 100%    0.85kB/s    0:00:00              917 100%    0.85kB/s    0:00:01 (xfr#364, ir-chk=1042/1679)
etc/apparmor.d/tunables/etc
          1,256 100%    1.17kB/s    0:00:00            1,256 100%    1.17kB/s    0:00:01 (xfr#365, ir-chk=1041/1679)
etc/apparmor.d/tunables/global
            871 100%    0.81kB/s    0:00:00              871 100%    0.81kB/s    0:00:01 (xfr#366, ir-chk=1040/1679)
etc/apparmor.d/tunables/home
            974 100%    0.90kB/s    0:00:00              974 100%    0.90kB/s    0:00:01 (xfr#367, ir-chk=1039/1679)
etc/apparmor.d/tunables/kernelvars
          1,511 100%    1.40kB/s    0:00:00            1,511 100%    1.40kB/s    0:00:01 (xfr#368, ir-chk=1038/1679)
etc/apparmor.d/tunables/multiarch
            607 100%    0.56kB/s    0:00:00              607 100%    0.56kB/s    0:00:01 (xfr#369, ir-chk=1037/1679)
etc/apparmor.d/tunables/proc
            548 100%    0.51kB/s    0:00:00              548 100%    0.51kB/s    0:00:01 (xfr#370, ir-chk=1036/1679)
etc/apparmor.d/tunables/run
            129 100%    0.12kB/s    0:00:00              129 100%    0.12kB/s    0:00:01 (xfr#371, ir-chk=1035/1679)
etc/apparmor.d/tunables/securityfs
            525 100%    0.49kB/s    0:00:00              525 100%    0.49kB/s    0:00:01 (xfr#372, ir-chk=1034/1679)
etc/apparmor.d/tunables/share
            929 100%    0.86kB/s    0:00:00              929 100%    0.86kB/s    0:00:01 (xfr#373, ir-chk=1033/1679)
etc/apparmor.d/tunables/sys
            378 100%    0.35kB/s    0:00:00              378 100%    0.35kB/s    0:00:01 (xfr#374, ir-chk=1032/1679)
etc/apparmor.d/tunables/xdg-user-dirs
            844 100%    0.78kB/s    0:00:00              844 100%    0.78kB/s    0:00:01 (xfr#375, ir-chk=1031/1679)
etc/apparmor.d/tunables/home.d/
etc/apparmor.d/tunables/home.d/site.local
            634 100%    0.59kB/s    0:00:00              634 100%    0.59kB/s    0:00:01 (xfr#376, ir-chk=1027/1679)
etc/apparmor.d/tunables/home.d/ubuntu
            337 100%    0.31kB/s    0:00:00              337 100%    0.31kB/s    0:00:01 (xfr#377, ir-chk=1026/1679)
etc/apparmor.d/tunables/multiarch.d/
etc/apparmor.d/tunables/multiarch.d/site.local
            645 100%    0.60kB/s    0:00:00              645 100%    0.60kB/s    0:00:01 (xfr#378, ir-chk=1025/1679)
etc/apparmor.d/tunables/xdg-user-dirs.d/
etc/apparmor.d/tunables/xdg-user-dirs.d/site.local
            730 100%    0.68kB/s    0:00:00              730 100%    0.68kB/s    0:00:01 (xfr#379, ir-chk=1024/1679)
etc/apparmor/
etc/apparmor/parser.conf
          2,270 100%    2.10kB/s    0:00:00            2,270 100%    2.10kB/s    0:00:01 (xfr#380, ir-chk=1023/1679)
etc/apport/
etc/apport/crashdb.conf
          1,627 100%    1.50kB/s    0:00:00            1,627 100%    1.50kB/s    0:00:01 (xfr#381, ir-chk=1022/1679)
etc/apport/report-ignore/
etc/apport/report-ignore/README.denylist
            218 100%    0.20kB/s    0:00:00              218 100%    0.20kB/s    0:00:01 (xfr#382, ir-chk=1020/1679)
etc/apt/
etc/apt/sources.list
             70 100%    0.06kB/s    0:00:00               70 100%    0.06kB/s    0:00:01 (xfr#383, ir-chk=1019/1679)
etc/apt/apt.conf.d/
etc/apt/apt.conf.d/01-vendor-ubuntu
             92 100%    0.08kB/s    0:00:00               92 100%    0.08kB/s    0:00:01 (xfr#384, ir-chk=1014/1682)
etc/apt/apt.conf.d/01autoremove
            399 100%    0.37kB/s    0:00:00              399 100%    0.37kB/s    0:00:01 (xfr#385, ir-chk=1013/1682)
etc/apt/apt.conf.d/10periodic
            129 100%    0.12kB/s    0:00:00              129 100%    0.12kB/s    0:00:01 (xfr#386, ir-chk=1012/1682)
etc/apt/apt.conf.d/15update-stamp
            108 100%    0.10kB/s    0:00:00              108 100%    0.10kB/s    0:00:01 (xfr#387, ir-chk=1011/1682)
etc/apt/apt.conf.d/20apt-esm-hook.conf
            370 100%    0.34kB/s    0:00:00              370 100%    0.34kB/s    0:00:01 (xfr#388, ir-chk=1010/1682)
etc/apt/apt.conf.d/20archive
             85 100%    0.08kB/s    0:00:00               85 100%    0.08kB/s    0:00:01 (xfr#389, ir-chk=1009/1682)
etc/apt/apt.conf.d/20auto-upgrades
             80 100%    0.07kB/s    0:00:00               80 100%    0.07kB/s    0:00:01 (xfr#390, ir-chk=1008/1682)
etc/apt/apt.conf.d/20packagekit
          1,037 100%    0.96kB/s    0:00:00            1,037 100%    0.96kB/s    0:00:01 (xfr#391, ir-chk=1007/1682)
etc/apt/apt.conf.d/20snapd.conf
            127 100%    0.12kB/s    0:00:00              127 100%    0.12kB/s    0:00:01 (xfr#392, ir-chk=1006/1682)
etc/apt/apt.conf.d/50appstream
          2,569 100%    2.37kB/s    0:00:00            2,569 100%    2.37kB/s    0:00:01 (xfr#393, ir-chk=1005/1682)
etc/apt/apt.conf.d/50command-not-found
            625 100%    0.58kB/s    0:00:00              625 100%    0.58kB/s    0:00:01 (xfr#394, ir-chk=1004/1682)
etc/apt/apt.conf.d/50unattended-upgrades
          6,155 100%    5.68kB/s    0:00:00            6,155 100%    5.68kB/s    0:00:01 (xfr#395, ir-chk=1003/1682)
etc/apt/apt.conf.d/70debconf
            182 100%    0.17kB/s    0:00:00              182 100%    0.17kB/s    0:00:01 (xfr#396, ir-chk=1002/1682)
etc/apt/apt.conf.d/99needrestart
            343 100%    0.32kB/s    0:00:00              343 100%    0.32kB/s    0:00:01 (xfr#397, ir-chk=1001/1682)
etc/apt/apt.conf.d/99update-notifier
            305 100%    0.28kB/s    0:00:00              305 100%    0.28kB/s    0:00:01 (xfr#398, ir-chk=1000/1682)
etc/apt/auth.conf.d/
etc/apt/keyrings/
etc/apt/preferences.d.save/
etc/apt/preferences.d.save/ubuntu-pro-esm-apps
            437 100%    0.40kB/s    0:00:00              437 100%    0.40kB/s    0:00:01 (xfr#399, ir-chk=1001/1684)
etc/apt/preferences.d.save/ubuntu-pro-esm-infra
            429 100%    0.39kB/s    0:00:00              429 100%    0.39kB/s    0:00:01 (xfr#400, ir-chk=1000/1684)
etc/apt/preferences.d/
etc/apt/preferences.d/ubuntu-pro-esm-apps
            437 100%    0.40kB/s    0:00:00              437 100%    0.40kB/s    0:00:01 (xfr#401, ir-chk=1001/1686)
etc/apt/preferences.d/ubuntu-pro-esm-infra
            429 100%    0.39kB/s    0:00:00              429 100%    0.39kB/s    0:00:01 (xfr#402, ir-chk=1000/1686)
etc/apt/sources.list.d/
etc/apt/sources.list.d/ubuntu.sources
            386 100%    0.35kB/s    0:00:00              386 100%    0.35kB/s    0:00:01 (xfr#403, ir-chk=1007/1694)
etc/apt/sources.list.d/ubuntu.sources.curtin.orig
          2,552 100%    2.34kB/s    0:00:00            2,552 100%    2.34kB/s    0:00:01 (xfr#404, ir-chk=1006/1694)
etc/apt/trusted.gpg.d/
etc/apt/trusted.gpg.d/ubuntu-keyring-2012-cdimage.gpg
          1,165 100%    1.07kB/s    0:00:00            1,165 100%    1.07kB/s    0:00:01 (xfr#405, ir-chk=1005/1694)
etc/apt/trusted.gpg.d/ubuntu-keyring-2018-archive.gpg
          1,167 100%    1.07kB/s    0:00:00            1,167 100%    1.07kB/s    0:00:01 (xfr#406, ir-chk=1004/1694)
etc/bash_completion.d/
etc/bash_completion.d/git-prompt
            439 100%    0.40kB/s    0:00:00              439 100%    0.40kB/s    0:00:01 (xfr#407, ir-chk=1003/1694)
etc/binfmt.d/
etc/byobu/
etc/byobu/backend
            224 100%    0.20kB/s    0:00:00              224 100%    0.20kB/s    0:00:01 (xfr#408, ir-chk=1002/1694)
etc/byobu/socketdir
            456 100%    0.42kB/s    0:00:00              456 100%    0.42kB/s    0:00:01 (xfr#409, ir-chk=1001/1694)
etc/ca-certificates/
etc/ca-certificates/update.d/
etc/cloud/
etc/cloud/cloud-init.disabled
            132 100%    0.12kB/s    0:00:00              132 100%    0.12kB/s    0:00:01 (xfr#410, ir-chk=1014/1709)
etc/cloud/cloud.cfg
          3,718 100%    3.38kB/s    0:00:00            3,718 100%    3.38kB/s    0:00:01 (xfr#411, ir-chk=1013/1709)
etc/cloud/ds-identify.cfg
             16 100%    0.01kB/s    0:00:00               16 100%    0.01kB/s    0:00:01 (xfr#412, ir-chk=1012/1709)
etc/cloud/clean.d/
etc/cloud/clean.d/99-installer
            484 100%    0.44kB/s    0:00:00              484 100%    0.44kB/s    0:00:01 (xfr#413, ir-chk=1008/1709)
etc/cloud/cloud.cfg.d/
etc/cloud/cloud.cfg.d/05_logging.cfg
          2,071 100%    1.88kB/s    0:00:00            2,071 100%    1.88kB/s    0:00:01 (xfr#414, ir-chk=1007/1709)
etc/cloud/cloud.cfg.d/20-disable-cc-dpkg-grub.cfg
             28 100%    0.03kB/s    0:00:00               28 100%    0.03kB/s    0:00:01 (xfr#415, ir-chk=1006/1709)
etc/cloud/cloud.cfg.d/90-installer-network.cfg
            117 100%    0.11kB/s    0:00:00              117 100%    0.11kB/s    0:00:01 (xfr#416, ir-chk=1005/1709)
etc/cloud/cloud.cfg.d/90_dpkg.cfg
            333 100%    0.30kB/s    0:00:00              333 100%    0.30kB/s    0:00:01 (xfr#417, ir-chk=1004/1709)
etc/cloud/cloud.cfg.d/99-installer.cfg
            787 100%    0.71kB/s    0:00:00              787 100%    0.71kB/s    0:00:01 (xfr#418, ir-chk=1003/1709)
etc/cloud/cloud.cfg.d/README
            167 100%    0.15kB/s    0:00:00              167 100%    0.15kB/s    0:00:01 (xfr#419, ir-chk=1002/1709)
etc/cloud/cloud.cfg.d/curtin-preserve-sources.cfg
             35 100%    0.03kB/s    0:00:00               35 100%    0.03kB/s    0:00:01 (xfr#420, ir-chk=1001/1709)
etc/cloud/templates/
etc/cloud/templates/chef_client.rb.tmpl
          1,667 100%    1.50kB/s    0:00:00            1,667 100%    1.50kB/s    0:00:01 (xfr#421, ir-chk=1050/1759)
etc/cloud/templates/chrony.conf.almalinux.tmpl
          1,280 100%    1.15kB/s    0:00:00            1,280 100%    1.15kB/s    0:00:01 (xfr#422, ir-chk=1049/1759)
etc/cloud/templates/chrony.conf.alpine.tmpl
          1,212 100%    1.09kB/s    0:00:00            1,212 100%    1.09kB/s    0:00:01 (xfr#423, ir-chk=1048/1759)
etc/cloud/templates/chrony.conf.centos.tmpl
          1,280 100%    1.15kB/s    0:00:00            1,280 100%    1.15kB/s    0:00:01 (xfr#424, ir-chk=1047/1759)
etc/cloud/templates/chrony.conf.cloudlinux.tmpl
          1,280 100%    1.15kB/s    0:00:00            1,280 100%    1.15kB/s    0:00:01 (xfr#425, ir-chk=1046/1759)
etc/cloud/templates/chrony.conf.cos.tmpl
            873 100%    0.78kB/s    0:00:00              873 100%    0.78kB/s    0:00:01 (xfr#426, ir-chk=1045/1759)
etc/cloud/templates/chrony.conf.debian.tmpl
          1,209 100%    1.08kB/s    0:00:00            1,209 100%    1.08kB/s    0:00:01 (xfr#427, ir-chk=1044/1759)
etc/cloud/templates/chrony.conf.fedora.tmpl
          1,368 100%    1.22kB/s    0:00:00            1,368 100%    1.22kB/s    0:00:01 (xfr#428, ir-chk=1043/1759)
etc/cloud/templates/chrony.conf.freebsd.tmpl
         14,315 100%   12.78kB/s    0:00:00           14,315 100%   12.78kB/s    0:00:01 (xfr#429, ir-chk=1042/1759)
etc/cloud/templates/chrony.conf.opensuse-leap.tmpl
          1,090 100%    0.97kB/s    0:00:00            1,090 100%    0.97kB/s    0:00:01 (xfr#430, ir-chk=1041/1759)
etc/cloud/templates/chrony.conf.opensuse-microos.tmpl
          1,090 100%    0.97kB/s    0:00:00            1,090 100%    0.97kB/s    0:00:01 (xfr#431, ir-chk=1040/1759)
etc/cloud/templates/chrony.conf.opensuse-tumbleweed.tmpl
          1,090 100%    0.97kB/s    0:00:00            1,090 100%    0.97kB/s    0:00:01 (xfr#432, ir-chk=1039/1759)
etc/cloud/templates/chrony.conf.opensuse.tmpl
          1,090 100%    0.97kB/s    0:00:00            1,090 100%    0.97kB/s    0:00:01 (xfr#433, ir-chk=1038/1759)
etc/cloud/templates/chrony.conf.photon.tmpl
          1,368 100%    1.22kB/s    0:00:00            1,368 100%    1.22kB/s    0:00:01 (xfr#434, ir-chk=1037/1759)
etc/cloud/templates/chrony.conf.rhel.tmpl
          1,280 100%    1.14kB/s    0:00:00            1,280 100%    1.14kB/s    0:00:01 (xfr#435, ir-chk=1036/1759)
etc/cloud/templates/chrony.conf.rocky.tmpl
          1,280 100%    1.14kB/s    0:00:00            1,280 100%    1.14kB/s    0:00:01 (xfr#436, ir-chk=1035/1759)
etc/cloud/templates/chrony.conf.sle-micro.tmpl
          1,090 100%    0.97kB/s    0:00:00            1,090 100%    0.97kB/s    0:00:01 (xfr#437, ir-chk=1034/1759)
etc/cloud/templates/chrony.conf.sle_hpc.tmpl
          1,090 100%    0.97kB/s    0:00:00            1,090 100%    0.97kB/s    0:00:01 (xfr#438, ir-chk=1033/1759)
etc/cloud/templates/chrony.conf.sles.tmpl
          1,090 100%    0.97kB/s    0:00:00            1,090 100%    0.97kB/s    0:00:01 (xfr#439, ir-chk=1032/1759)
etc/cloud/templates/chrony.conf.ubuntu.tmpl
          1,378 100%    1.22kB/s    0:00:00            1,378 100%    1.22kB/s    0:00:01 (xfr#440, ir-chk=1031/1759)
etc/cloud/templates/hosts.alpine.tmpl
            893 100%    0.79kB/s    0:00:00              893 100%    0.79kB/s    0:00:01 (xfr#441, ir-chk=1030/1759)
etc/cloud/templates/hosts.aosc.tmpl
            931 100%    0.82kB/s    0:00:00              931 100%    0.82kB/s    0:00:01 (xfr#442, ir-chk=1029/1759)
etc/cloud/templates/hosts.arch.tmpl
            841 100%    0.74kB/s    0:00:00              841 100%    0.74kB/s    0:00:01 (xfr#443, ir-chk=1028/1759)
etc/cloud/templates/hosts.azurelinux.tmpl
            882 100%    0.78kB/s    0:00:00              882 100%    0.78kB/s    0:00:01 (xfr#444, ir-chk=1027/1759)
etc/cloud/templates/hosts.debian.tmpl
            845 100%    0.74kB/s    0:00:00              845 100%    0.74kB/s    0:00:01 (xfr#445, ir-chk=1026/1759)
etc/cloud/templates/hosts.freebsd.tmpl
            911 100%    0.80kB/s    0:00:00              911 100%    0.80kB/s    0:00:01 (xfr#446, ir-chk=1025/1759)
etc/cloud/templates/hosts.gentoo.tmpl
            910 100%    0.80kB/s    0:00:00              910 100%    0.80kB/s    0:00:01 (xfr#447, ir-chk=1024/1759)
etc/cloud/templates/hosts.mariner.tmpl
            876 100%    0.77kB/s    0:00:00              876 100%    0.77kB/s    0:00:01 (xfr#448, ir-chk=1023/1759)
etc/cloud/templates/hosts.photon.tmpl
            874 100%    0.77kB/s    0:00:00              874 100%    0.77kB/s    0:00:01 (xfr#449, ir-chk=1022/1759)
etc/cloud/templates/hosts.redhat.tmpl
            912 100%    0.80kB/s    0:00:00              912 100%    0.80kB/s    0:00:01 (xfr#450, ir-chk=1021/1759)
etc/cloud/templates/hosts.suse.tmpl
          1,067 100%    0.93kB/s    0:00:00            1,067 100%    0.93kB/s    0:00:01 (xfr#451, ir-chk=1020/1759)
etc/cloud/templates/ntp.conf.almalinux.tmpl
          1,902 100%    1.66kB/s    0:00:00            1,902 100%    1.66kB/s    0:00:01 (xfr#452, ir-chk=1019/1759)
etc/cloud/templates/ntp.conf.alpine.tmpl
            255 100%    0.22kB/s    0:00:00              255 100%    0.22kB/s    0:00:01 (xfr#453, ir-chk=1018/1759)
etc/cloud/templates/ntp.conf.cloudlinux.tmpl
          1,902 100%    1.66kB/s    0:00:00            1,902 100%    1.66kB/s    0:00:01 (xfr#454, ir-chk=1017/1759)
etc/cloud/templates/ntp.conf.debian.tmpl
          2,202 100%    1.92kB/s    0:00:00            2,202 100%    1.92kB/s    0:00:01 (xfr#455, ir-chk=1016/1759)
etc/cloud/templates/ntp.conf.fedora.tmpl
          2,126 100%    1.86kB/s    0:00:00            2,126 100%    1.86kB/s    0:00:01 (xfr#456, ir-chk=1015/1759)
etc/cloud/templates/ntp.conf.freebsd.tmpl
          4,229 100%    3.69kB/s    0:00:00            4,229 100%    3.69kB/s    0:00:01 (xfr#457, ir-chk=1014/1759)
etc/cloud/templates/ntp.conf.opensuse.tmpl
          2,807 100%    2.45kB/s    0:00:00            2,807 100%    2.45kB/s    0:00:01 (xfr#458, ir-chk=1013/1759)
etc/cloud/templates/ntp.conf.photon.tmpl
          1,902 100%    1.66kB/s    0:00:00            1,902 100%    1.66kB/s    0:00:01 (xfr#459, ir-chk=1012/1759)
etc/cloud/templates/ntp.conf.rhel.tmpl
          1,904 100%    1.66kB/s    0:00:00            1,904 100%    1.66kB/s    0:00:01 (xfr#460, ir-chk=1011/1759)
etc/cloud/templates/ntp.conf.rocky.tmpl
          1,902 100%    1.65kB/s    0:00:00            1,902 100%    1.65kB/s    0:00:01 (xfr#461, ir-chk=1010/1759)
etc/cloud/templates/ntp.conf.sles.tmpl
          2,807 100%    2.44kB/s    0:00:00            2,807 100%    2.44kB/s    0:00:01 (xfr#462, ir-chk=1009/1759)
etc/cloud/templates/ntp.conf.ubuntu.tmpl
          2,561 100%    2.23kB/s    0:00:00            2,561 100%    2.23kB/s    0:00:01 (xfr#463, ir-chk=1008/1759)
etc/cloud/templates/ntpd.conf.openbsd.tmpl
            543 100%    0.47kB/s    0:00:00              543 100%    0.47kB/s    0:00:01 (xfr#464, ir-chk=1007/1759)
etc/cloud/templates/resolv.conf.tmpl
            921 100%    0.80kB/s    0:00:00              921 100%    0.80kB/s    0:00:01 (xfr#465, ir-chk=1006/1759)
etc/cloud/templates/sources.list.debian.deb822.tmpl
          1,456 100%    1.26kB/s    0:00:00            1,456 100%    1.26kB/s    0:00:01 (xfr#466, ir-chk=1005/1759)
etc/cloud/templates/sources.list.debian.tmpl
          1,439 100%    1.25kB/s    0:00:00            1,439 100%    1.25kB/s    0:00:01 (xfr#467, ir-chk=1004/1759)
etc/cloud/templates/sources.list.ubuntu.deb822.tmpl
          2,991 100%    2.59kB/s    0:00:00            2,991 100%    2.59kB/s    0:00:01 (xfr#468, ir-chk=1003/1759)
etc/cloud/templates/sources.list.ubuntu.tmpl
          2,504 100%    2.16kB/s    0:00:00            2,504 100%    2.16kB/s    0:00:01 (xfr#469, ir-chk=1002/1759)
etc/cloud/templates/systemd.resolved.conf.tmpl
            504 100%    0.44kB/s    0:00:00              504 100%    0.44kB/s    0:00:01 (xfr#470, ir-chk=1001/1759)
etc/cloud/templates/timesyncd.conf.tmpl
            203 100%    0.18kB/s    0:00:00              203 100%    0.18kB/s    0:00:01 (xfr#471, ir-chk=1000/1759)
etc/console-setup/
etc/console-setup/ISO-8859-1.acm
          1,449 100%    1.24kB/s    0:00:00            1,449 100%    1.24kB/s    0:00:01 (xfr#472, ir-chk=1042/1802)
etc/console-setup/Uni2-Fixed16.psf.gz
          4,292 100%    3.68kB/s    0:00:00            4,292 100%    3.68kB/s    0:00:01 (xfr#473, ir-chk=1041/1802)
etc/console-setup/cached_ISO-8859-1.acm.gz
            658 100%    0.56kB/s    0:00:00              658 100%    0.56kB/s    0:00:01 (xfr#474, ir-chk=1040/1802)
etc/console-setup/cached_ISO-8859-1_del.kmap.gz
          3,406 100%    2.92kB/s    0:00:00            3,406 100%    2.92kB/s    0:00:01 (xfr#475, ir-chk=1039/1802)
etc/console-setup/cached_UTF-8_del.kmap.gz
          5,085 100%    4.35kB/s    0:00:00            5,085 100%    4.35kB/s    0:00:01 (xfr#476, ir-chk=1038/1802)
etc/console-setup/cached_Uni2-Fixed16.psf.gz
          4,292 100%    3.67kB/s    0:00:00            4,292 100%    3.67kB/s    0:00:01 (xfr#477, ir-chk=1037/1802)
etc/console-setup/cached_setup_font.sh
            467 100%    0.40kB/s    0:00:00              467 100%    0.40kB/s    0:00:01 (xfr#478, ir-chk=1036/1802)
etc/console-setup/cached_setup_keyboard.sh
            358 100%    0.31kB/s    0:00:00              358 100%    0.31kB/s    0:00:01 (xfr#479, ir-chk=1035/1802)
etc/console-setup/cached_setup_terminal.sh
             73 100%    0.06kB/s    0:00:00               73 100%    0.06kB/s    0:00:01 (xfr#480, ir-chk=1034/1802)
etc/console-setup/compose.ARMSCII-8.inc
             34 100%    0.03kB/s    0:00:00               34 100%    0.03kB/s    0:00:01 (xfr#481, ir-chk=1033/1802)
etc/console-setup/compose.CP1251.inc
             31 100%    0.03kB/s    0:00:00               31 100%    0.03kB/s    0:00:01 (xfr#482, ir-chk=1032/1802)
etc/console-setup/compose.CP1255.inc
             31 100%    0.03kB/s    0:00:00               31 100%    0.03kB/s    0:00:01 (xfr#483, ir-chk=1031/1802)
etc/console-setup/compose.CP1256.inc
             31 100%    0.03kB/s    0:00:00               31 100%    0.03kB/s    0:00:01 (xfr#484, ir-chk=1030/1802)
etc/console-setup/compose.GEORGIAN-ACADEMY.inc
             41 100%    0.03kB/s    0:00:00               41 100%    0.03kB/s    0:00:01 (xfr#485, ir-chk=1029/1802)
etc/console-setup/compose.GEORGIAN-PS.inc
             36 100%    0.03kB/s    0:00:00               36 100%    0.03kB/s    0:00:01 (xfr#486, ir-chk=1028/1802)
etc/console-setup/compose.IBM1133.inc
             32 100%    0.03kB/s    0:00:00               32 100%    0.03kB/s    0:00:01 (xfr#487, ir-chk=1027/1802)
etc/console-setup/compose.ISIRI-3342.inc
             35 100%    0.03kB/s    0:00:00               35 100%    0.03kB/s    0:00:01 (xfr#488, ir-chk=1026/1802)
etc/console-setup/compose.ISO-8859-1.inc
          4,725 100%    4.00kB/s    0:00:00            4,725 100%    4.00kB/s    0:00:01 (xfr#489, ir-chk=1025/1802)
etc/console-setup/compose.ISO-8859-10.inc
             36 100%    0.03kB/s    0:00:00               36 100%    0.03kB/s    0:00:01 (xfr#490, ir-chk=1024/1802)
etc/console-setup/compose.ISO-8859-11.inc
             36 100%    0.03kB/s    0:00:00               36 100%    0.03kB/s    0:00:01 (xfr#491, ir-chk=1023/1802)
etc/console-setup/compose.ISO-8859-13.inc
          4,776 100%    4.04kB/s    0:00:00            4,776 100%    4.03kB/s    0:00:01 (xfr#492, ir-chk=1022/1802)
etc/console-setup/compose.ISO-8859-14.inc
          4,433 100%    3.74kB/s    0:00:00            4,433 100%    3.74kB/s    0:00:01 (xfr#493, ir-chk=1021/1802)
etc/console-setup/compose.ISO-8859-15.inc
          4,421 100%    3.73kB/s    0:00:00            4,421 100%    3.73kB/s    0:00:01 (xfr#494, ir-chk=1020/1802)
etc/console-setup/compose.ISO-8859-16.inc
             36 100%    0.03kB/s    0:00:00               36 100%    0.03kB/s    0:00:01 (xfr#495, ir-chk=1019/1802)
etc/console-setup/compose.ISO-8859-2.inc
          6,581 100%    5.55kB/s    0:00:00            6,581 100%    5.55kB/s    0:00:01 (xfr#496, ir-chk=1018/1802)
etc/console-setup/compose.ISO-8859-3.inc
          4,892 100%    4.12kB/s    0:00:00            4,892 100%    4.12kB/s    0:00:01 (xfr#497, ir-chk=1017/1802)
etc/console-setup/compose.ISO-8859-4.inc
          3,850 100%    3.24kB/s    0:00:00            3,850 100%    3.24kB/s    0:00:01 (xfr#498, ir-chk=1016/1802)
etc/console-setup/compose.ISO-8859-5.inc
             35 100%    0.03kB/s    0:00:00               35 100%    0.03kB/s    0:00:01 (xfr#499, ir-chk=1015/1802)
etc/console-setup/compose.ISO-8859-6.inc
             35 100%    0.03kB/s    0:00:00               35 100%    0.03kB/s    0:00:01 (xfr#500, ir-chk=1014/1802)
etc/console-setup/compose.ISO-8859-7.inc
          2,699 100%    2.27kB/s    0:00:00            2,699 100%    2.27kB/s    0:00:01 (xfr#501, ir-chk=1013/1802)
etc/console-setup/compose.ISO-8859-8.inc
             35 100%    0.03kB/s    0:00:00               35 100%    0.03kB/s    0:00:01 (xfr#502, ir-chk=1012/1802)
etc/console-setup/compose.ISO-8859-9.inc
          4,921 100%    4.13kB/s    0:00:00            4,921 100%    4.13kB/s    0:00:01 (xfr#503, ir-chk=1011/1802)
etc/console-setup/compose.KOI8-R.inc
          1,919 100%    1.61kB/s    0:00:00            1,919 100%    1.61kB/s    0:00:01 (xfr#504, ir-chk=1010/1802)
etc/console-setup/compose.KOI8-U.inc
          1,919 100%    1.61kB/s    0:00:00            1,919 100%    1.61kB/s    0:00:01 (xfr#505, ir-chk=1009/1802)
etc/console-setup/compose.TIS-620.inc
             32 100%    0.03kB/s    0:00:00               32 100%    0.03kB/s    0:00:01 (xfr#506, ir-chk=1008/1802)
etc/console-setup/compose.VISCII.inc
          3,383 100%    2.83kB/s    0:00:00            3,383 100%    2.83kB/s    0:00:01 (xfr#507, ir-chk=1007/1802)
etc/console-setup/remap.inc
          1,359 100%    1.14kB/s    0:00:00            1,359 100%    1.14kB/s    0:00:01 (xfr#508, ir-chk=1006/1802)
etc/console-setup/vtrgb
            158 100%    0.13kB/s    0:00:00              158 100%    0.13kB/s    0:00:01 (xfr#509, ir-chk=1005/1802)
etc/console-setup/vtrgb.vga
            155 100%    0.13kB/s    0:00:00              155 100%    0.13kB/s    0:00:01 (xfr#510, ir-chk=1004/1802)
etc/credstore.encrypted/
etc/credstore/
etc/cron.d/
etc/cron.d/.placeholder
            102 100%    0.09kB/s    0:00:00              102 100%    0.09kB/s    0:00:01 (xfr#511, ir-chk=1003/1802)
etc/cron.d/e2scrub_all
            201 100%    0.17kB/s    0:00:00              201 100%    0.17kB/s    0:00:01 (xfr#512, ir-chk=1002/1802)
etc/cron.d/sysstat
            396 100%    0.33kB/s    0:00:00              396 100%    0.33kB/s    0:00:01 (xfr#513, ir-chk=1001/1802)
etc/cron.daily/
etc/cron.daily/.placeholder
            102 100%    0.08kB/s    0:00:00              102 100%    0.08kB/s    0:00:01 (xfr#514, ir-chk=1008/1810)
etc/cron.daily/apport
            376 100%    0.31kB/s    0:00:00              376 100%    0.31kB/s    0:00:01 (xfr#515, ir-chk=1007/1810)
